2024-06-25T21:15:23.043033+00:00 jkate kernel: Booting Linux on physical CPU 0x0000000000 [0x610f0000]
2024-06-25T21:15:23.043038+00:00 jkate kernel: Linux version 6.8.0-35-generic (buildd@bos03-arm64-013) (aarch64-linux-gnu-gcc-13 (Ubuntu 13.2.0-23ubuntu4) 13.2.0, GNU ld (GNU Binutils for Ubuntu) 2.42) #35-Ubuntu SMP PREEMPT_DYNAMIC Tue May 21 07:52:29 UTC 2024 (Ubuntu 6.8.0-35.35-generic 6.8.4)
2024-06-25T21:15:23.043039+00:00 jkate kernel: KASLR enabled
2024-06-25T21:15:23.043039+00:00 jkate kernel: efi: EFI v2.7 by EDK II
2024-06-25T21:15:23.043039+00:00 jkate kernel: efi: SMBIOS 3.0=0x13f810000 MEMATTR=0x13e802118 ACPI 2.0=0x13c150018 MOKvar=0x13c060000 INITRD=0x13c483718 RNG=0x13c15e698 MEMRESERVE=0x13c483318 
2024-06-25T21:15:23.043040+00:00 jkate kernel: random: crng init done
2024-06-25T21:15:23.043040+00:00 jkate kernel: secureboot: Secure boot disabled
2024-06-25T21:15:23.043041+00:00 jkate kernel: ACPI: Early table checksum verification disabled
2024-06-25T21:15:23.043041+00:00 jkate kernel: ACPI: RSDP 0x000000013C150018 000024 (v02 BOCHS )
2024-06-25T21:15:23.043041+00:00 jkate kernel: ACPI: XSDT 0x000000013C15FE98 00006C (v01 BOCHS  BXPC     00000001      01000013)
2024-06-25T21:15:23.043041+00:00 jkate kernel: ACPI: FACP 0x000000013C15FA98 000114 (v06 BOCHS  BXPC     00000001 BXPC 00000001)
2024-06-25T21:15:23.043042+00:00 jkate kernel: ACPI: DSDT 0x000000013C157518 0014A2 (v02 BOCHS  BXPC     00000001 BXPC 00000001)
2024-06-25T21:15:23.043042+00:00 jkate kernel: ACPI: APIC 0x000000013C15FC18 00019C (v04 BOCHS  BXPC     00000001 BXPC 00000001)
2024-06-25T21:15:23.043043+00:00 jkate kernel: ACPI: PPTT 0x000000013C15D898 00009C (v02 BOCHS  BXPC     00000001 BXPC 00000001)
2024-06-25T21:15:23.043043+00:00 jkate kernel: ACPI: GTDT 0x000000013C15E818 000060 (v02 BOCHS  BXPC     00000001 BXPC 00000001)
2024-06-25T21:15:23.043043+00:00 jkate kernel: ACPI: MCFG 0x000000013C15E918 00003C (v01 BOCHS  BXPC     00000001 BXPC 00000001)
2024-06-25T21:15:23.043043+00:00 jkate kernel: ACPI: SPCR 0x000000013C15FF98 000050 (v02 BOCHS  BXPC     00000001 BXPC 00000001)
2024-06-25T21:15:23.043043+00:00 jkate kernel: ACPI: DBG2 0x000000013C15E418 000057 (v00 BOCHS  BXPC     00000001 BXPC 00000001)
2024-06-25T21:15:23.043044+00:00 jkate kernel: ACPI: IORT 0x000000013C15E718 000080 (v03 BOCHS  BXPC     00000001 BXPC 00000001)
2024-06-25T21:15:23.043044+00:00 jkate kernel: ACPI: BGRT 0x000000013C15E498 000038 (v01 INTEL  EDK2     00000002      01000013)
2024-06-25T21:15:23.043045+00:00 jkate kernel: ACPI: SPCR: console: pl011,mmio,0x9000000,9600
2024-06-25T21:15:23.043045+00:00 jkate kernel: NUMA: Failed to initialise from firmware
2024-06-25T21:15:23.043046+00:00 jkate kernel: NUMA: Faking a node at [mem 0x0000000040000000-0x000000013fffffff]
2024-06-25T21:15:23.043046+00:00 jkate kernel: NUMA: NODE_DATA [mem 0x13f64d5c0-0x13f652fff]
2024-06-25T21:15:23.043046+00:00 jkate kernel: Zone ranges:
2024-06-25T21:15:23.043046+00:00 jkate kernel:   DMA      [mem 0x0000000040000000-0x00000000ffffffff]
2024-06-25T21:15:23.043049+00:00 jkate kernel:   DMA32    empty
2024-06-25T21:15:23.043050+00:00 jkate kernel:   Normal   [mem 0x0000000100000000-0x000000013fffffff]
2024-06-25T21:15:23.043050+00:00 jkate kernel:   Device   empty
2024-06-25T21:15:23.043050+00:00 jkate kernel: Movable zone start for each node
2024-06-25T21:15:23.043050+00:00 jkate kernel: Early memory node ranges
2024-06-25T21:15:23.043051+00:00 jkate kernel:   node   0: [mem 0x0000000040000000-0x000000013bcfffff]
2024-06-25T21:15:23.043051+00:00 jkate kernel:   node   0: [mem 0x000000013bd00000-0x000000013bffffff]
2024-06-25T21:15:23.043052+00:00 jkate kernel:   node   0: [mem 0x000000013c000000-0x000000013c05ffff]
2024-06-25T21:15:23.043052+00:00 jkate kernel:   node   0: [mem 0x000000013c060000-0x000000013c06ffff]
2024-06-25T21:15:23.043052+00:00 jkate kernel:   node   0: [mem 0x000000013c070000-0x000000013c15ffff]
2024-06-25T21:15:23.043052+00:00 jkate kernel:   node   0: [mem 0x000000013c160000-0x000000013c47ffff]
2024-06-25T21:15:23.043052+00:00 jkate kernel:   node   0: [mem 0x000000013c480000-0x000000013f75ffff]
2024-06-25T21:15:23.043053+00:00 jkate kernel:   node   0: [mem 0x000000013f760000-0x000000013f7effff]
2024-06-25T21:15:23.043077+00:00 jkate kernel:   node   0: [mem 0x000000013f7f0000-0x000000013f7fffff]
2024-06-25T21:15:23.043078+00:00 jkate kernel:   node   0: [mem 0x000000013f800000-0x000000013f91ffff]
2024-06-25T21:15:23.043078+00:00 jkate kernel:   node   0: [mem 0x000000013f920000-0x000000013fffffff]
2024-06-25T21:15:23.043078+00:00 jkate kernel: Initmem setup node 0 [mem 0x0000000040000000-0x000000013fffffff]
2024-06-25T21:15:23.043079+00:00 jkate kernel: cma: Reserved 32 MiB at 0x00000000fe000000 on node -1
2024-06-25T21:15:23.043079+00:00 jkate kernel: psci: probing for conduit method from ACPI.
2024-06-25T21:15:23.043080+00:00 jkate kernel: psci: PSCIv1.1 detected in firmware.
2024-06-25T21:15:23.043080+00:00 jkate kernel: psci: Using standard PSCI v0.2 function IDs
2024-06-25T21:15:23.043080+00:00 jkate kernel: psci: Trusted OS migration not required
2024-06-25T21:15:23.043080+00:00 jkate kernel: psci: SMC Calling Convention v1.0
2024-06-25T21:15:23.043080+00:00 jkate kernel: percpu: Embedded 54 pages/cpu s95720 r8192 d117272 u221184
2024-06-25T21:15:23.043081+00:00 jkate kernel: pcpu-alloc: s95720 r8192 d117272 u221184 alloc=54*4096
2024-06-25T21:15:23.043081+00:00 jkate kernel: pcpu-alloc: [0] 0 [0] 1 [0] 2 [0] 3 
2024-06-25T21:15:23.044098+00:00 jkate kernel: Detected PIPT I-cache on CPU0
2024-06-25T21:15:23.044100+00:00 jkate kernel: CPU features: detected: Address authentication (IMP DEF algorithm)
2024-06-25T21:15:23.044100+00:00 jkate kernel: CPU features: detected: Spectre-v4
2024-06-25T21:15:23.044101+00:00 jkate kernel: alternatives: applying boot alternatives
2024-06-25T21:15:23.044101+00:00 jkate kernel: Kernel command line: BOOT_IMAGE=/vmlinuz-6.8.0-35-generic root=/dev/mapper/ubuntu--vg-ubuntu--lv ro
2024-06-25T21:15:23.044101+00:00 jkate kernel: Unknown kernel command line parameters "BOOT_IMAGE=/vmlinuz-6.8.0-35-generic", will be passed to user space.
2024-06-25T21:15:23.044102+00:00 jkate kernel: Dentry cache hash table entries: 524288 (order: 10, 4194304 bytes, linear)
2024-06-25T21:15:23.044102+00:00 jkate kernel: Inode-cache hash table entries: 262144 (order: 9, 2097152 bytes, linear)
2024-06-25T21:15:23.044102+00:00 jkate kernel: Fallback order for Node 0: 0 
2024-06-25T21:15:23.044102+00:00 jkate kernel: Built 1 zonelists, mobility grouping on.  Total pages: 1032192
2024-06-25T21:15:23.044103+00:00 jkate kernel: Policy zone: Normal
2024-06-25T21:15:23.044103+00:00 jkate kernel: mem auto-init: stack:all(zero), heap alloc:on, heap free:off
2024-06-25T21:15:23.044103+00:00 jkate kernel: software IO TLB: area num 4.
2024-06-25T21:15:23.044103+00:00 jkate kernel: software IO TLB: mapped [mem 0x00000000fa000000-0x00000000fe000000] (64MB)
2024-06-25T21:15:23.044103+00:00 jkate kernel: Memory: 3879696K/4194304K available (22976K kernel code, 5176K rwdata, 15972K rodata, 12224K init, 1233K bss, 281840K reserved, 32768K cma-reserved)
2024-06-25T21:15:23.044104+00:00 jkate kernel: SLUB: HWalign=64, Order=0-3, MinObjects=0, CPUs=4, Nodes=1
2024-06-25T21:15:23.044104+00:00 jkate kernel: ftrace: allocating 62480 entries in 245 pages
2024-06-25T21:15:23.044104+00:00 jkate kernel: ftrace: allocated 245 pages with 6 groups
2024-06-25T21:15:23.044104+00:00 jkate kernel: trace event string verifier disabled
2024-06-25T21:15:23.044105+00:00 jkate kernel: Dynamic Preempt: voluntary
2024-06-25T21:15:23.044105+00:00 jkate kernel: rcu: Preemptible hierarchical RCU implementation.
2024-06-25T21:15:23.044105+00:00 jkate kernel: rcu: 	RCU restricting CPUs from NR_CPUS=512 to nr_cpu_ids=4.
2024-06-25T21:15:23.044105+00:00 jkate kernel: 	Trampoline variant of Tasks RCU enabled.
2024-06-25T21:15:23.044105+00:00 jkate kernel: 	Rude variant of Tasks RCU enabled.
2024-06-25T21:15:23.044106+00:00 jkate kernel: 	Tracing variant of Tasks RCU enabled.
2024-06-25T21:15:23.044106+00:00 jkate kernel: rcu: RCU calculated value of scheduler-enlistment delay is 100 jiffies.
2024-06-25T21:15:23.044106+00:00 jkate kernel: rcu: Adjusting geometry for rcu_fanout_leaf=16, nr_cpu_ids=4
2024-06-25T21:15:23.044106+00:00 jkate kernel: NR_IRQS: 64, nr_irqs: 64, preallocated irqs: 0
2024-06-25T21:15:23.044107+00:00 jkate kernel: Root IRQ handler: gic_handle_irq
2024-06-25T21:15:23.044107+00:00 jkate kernel: GICv2m: ACPI overriding V2M MSI_TYPER (base:80, num:64)
2024-06-25T21:15:23.044107+00:00 jkate kernel: GICv2m: range[mem 0x08020000-0x08020fff], SPI[80:143]
2024-06-25T21:15:23.044107+00:00 jkate kernel: rcu: srcu_init: Setting srcu_struct sizes based on contention.
2024-06-25T21:15:23.044107+00:00 jkate kernel: arch_timer: cp15 timer(s) running at 24.00MHz (virt).
2024-06-25T21:15:23.044108+00:00 jkate kernel: clocksource: arch_sys_counter: mask: 0xffffffffffffff max_cycles: 0x588fe9dc0, max_idle_ns: 440795202592 ns
2024-06-25T21:15:23.044108+00:00 jkate kernel: sched_clock: 56 bits at 24MHz, resolution 41ns, wraps every 4398046511097ns
2024-06-25T21:15:23.044108+00:00 jkate kernel: Console: colour dummy device 80x25
2024-06-25T21:15:23.044108+00:00 jkate kernel: ACPI: Core revision 20230628
2024-06-25T21:15:23.044109+00:00 jkate kernel: Calibrating delay loop (skipped), value calculated using timer frequency.. 48.00 BogoMIPS (lpj=24000)
2024-06-25T21:15:23.044109+00:00 jkate kernel: pid_max: default: 32768 minimum: 301
2024-06-25T21:15:23.044109+00:00 jkate kernel: LSM: initializing lsm=lockdown,capability,landlock,yama,apparmor,integrity
2024-06-25T21:15:23.044109+00:00 jkate kernel: landlock: Up and running.
2024-06-25T21:15:23.044109+00:00 jkate kernel: Yama: becoming mindful.
2024-06-25T21:15:23.044110+00:00 jkate kernel: AppArmor: AppArmor initialized
2024-06-25T21:15:23.044110+00:00 jkate kernel: Mount-cache hash table entries: 8192 (order: 4, 65536 bytes, linear)
2024-06-25T21:15:23.044110+00:00 jkate kernel: Mountpoint-cache hash table entries: 8192 (order: 4, 65536 bytes, linear)
2024-06-25T21:15:23.044110+00:00 jkate kernel: RCU Tasks: Setting shift to 2 and lim to 1 rcu_task_cb_adjust=1.
2024-06-25T21:15:23.044111+00:00 jkate kernel: RCU Tasks Rude: Setting shift to 2 and lim to 1 rcu_task_cb_adjust=1.
2024-06-25T21:15:23.044111+00:00 jkate kernel: RCU Tasks Trace: Setting shift to 2 and lim to 1 rcu_task_cb_adjust=1.
2024-06-25T21:15:23.044111+00:00 jkate kernel: rcu: Hierarchical SRCU implementation.
2024-06-25T21:15:23.044111+00:00 jkate kernel: rcu: 	Max phase no-delay instances is 400.
2024-06-25T21:15:23.044113+00:00 jkate kernel: Remapping and enabling EFI services.
2024-06-25T21:15:23.044113+00:00 jkate kernel: smp: Bringing up secondary CPUs ...
2024-06-25T21:15:23.044113+00:00 jkate kernel: Detected PIPT I-cache on CPU1
2024-06-25T21:15:23.044113+00:00 jkate kernel: CPU1: Booted secondary processor 0x0000000001 [0x610f0000]
2024-06-25T21:15:23.044114+00:00 jkate kernel: Detected PIPT I-cache on CPU2
2024-06-25T21:15:23.044114+00:00 jkate kernel: CPU2: Booted secondary processor 0x0000000002 [0x610f0000]
2024-06-25T21:15:23.044134+00:00 jkate kernel: Detected PIPT I-cache on CPU3
2024-06-25T21:15:23.044134+00:00 jkate kernel: CPU3: Booted secondary processor 0x0000000003 [0x610f0000]
2024-06-25T21:15:23.044134+00:00 jkate kernel: smp: Brought up 1 node, 4 CPUs
2024-06-25T21:15:23.044134+00:00 jkate kernel: SMP: Total of 4 processors activated.
2024-06-25T21:15:23.044135+00:00 jkate kernel: CPU: All CPU(s) started at EL1
2024-06-25T21:15:23.044135+00:00 jkate kernel: CPU features: detected: ARMv8.4 Translation Table Level
2024-06-25T21:15:23.044135+00:00 jkate kernel: CPU features: detected: Data cache clean to the PoU not required for I/D coherence
2024-06-25T21:15:23.044136+00:00 jkate kernel: CPU features: detected: Common not Private translations
2024-06-25T21:15:23.044136+00:00 jkate kernel: CPU features: detected: CRC32 instructions
2024-06-25T21:15:23.044136+00:00 jkate kernel: CPU features: detected: Data cache clean to Point of Deep Persistence
2024-06-25T21:15:23.044136+00:00 jkate kernel: CPU features: detected: Data cache clean to Point of Persistence
2024-06-25T21:15:23.044137+00:00 jkate kernel: CPU features: detected: Data independent timing control (DIT)
2024-06-25T21:15:23.044137+00:00 jkate kernel: CPU features: detected: E0PD
2024-06-25T21:15:23.044138+00:00 jkate kernel: CPU features: detected: Enhanced Privileged Access Never
2024-06-25T21:15:23.044138+00:00 jkate kernel: CPU features: detected: Fine Grained Traps
2024-06-25T21:15:23.044138+00:00 jkate kernel: CPU features: detected: Generic authentication (IMP DEF algorithm)
2024-06-25T21:15:23.044138+00:00 jkate kernel: CPU features: detected: RCpc load-acquire (LDAPR)
2024-06-25T21:15:23.044138+00:00 jkate kernel: CPU features: detected: LSE atomic instructions
2024-06-25T21:15:23.044139+00:00 jkate kernel: CPU features: detected: Privileged Access Never
2024-06-25T21:15:23.044139+00:00 jkate kernel: CPU features: detected: RAS Extension Support
2024-06-25T21:15:23.044140+00:00 jkate kernel: CPU features: detected: Speculation barrier (SB)
2024-06-25T21:15:23.044140+00:00 jkate kernel: CPU features: detected: TLB range maintenance instructions
2024-06-25T21:15:23.044140+00:00 jkate kernel: alternatives: applying system-wide alternatives
2024-06-25T21:15:23.044141+00:00 jkate kernel: devtmpfs: initialized
2024-06-25T21:15:23.044141+00:00 jkate kernel: setend instruction emulation is not supported on this system
2024-06-25T21:15:23.044141+00:00 jkate kernel: clocksource: jiffies: mask: 0xffffffff max_cycles: 0xffffffff, max_idle_ns: 1911260446275000 ns
2024-06-25T21:15:23.044142+00:00 jkate kernel: futex hash table entries: 1024 (order: 4, 65536 bytes, linear)
2024-06-25T21:15:23.044142+00:00 jkate kernel: pinctrl core: initialized pinctrl subsystem
2024-06-25T21:15:23.044142+00:00 jkate kernel: SMBIOS 3.0.0 present.
2024-06-25T21:15:23.044142+00:00 jkate kernel: DMI: QEMU QEMU Virtual Machine, BIOS 0.0.0 02/06/2015
2024-06-25T21:15:23.044143+00:00 jkate kernel: NET: Registered PF_NETLINK/PF_ROUTE protocol family
2024-06-25T21:15:23.044143+00:00 jkate kernel: DMA: preallocated 512 KiB GFP_KERNEL pool for atomic allocations
2024-06-25T21:15:23.044143+00:00 jkate kernel: DMA: preallocated 512 KiB GFP_KERNEL|GFP_DMA pool for atomic allocations
2024-06-25T21:15:23.044144+00:00 jkate kernel: DMA: preallocated 512 KiB GFP_KERNEL|GFP_DMA32 pool for atomic allocations
2024-06-25T21:15:23.044144+00:00 jkate kernel: audit: initializing netlink subsys (disabled)
2024-06-25T21:15:23.044145+00:00 jkate kernel: audit: type=2000 audit(0.005:1): state=initialized audit_enabled=0 res=1
2024-06-25T21:15:23.044145+00:00 jkate kernel: thermal_sys: Registered thermal governor 'fair_share'
2024-06-25T21:15:23.044145+00:00 jkate kernel: thermal_sys: Registered thermal governor 'bang_bang'
2024-06-25T21:15:23.044145+00:00 jkate kernel: thermal_sys: Registered thermal governor 'step_wise'
2024-06-25T21:15:23.044146+00:00 jkate kernel: thermal_sys: Registered thermal governor 'user_space'
2024-06-25T21:15:23.044146+00:00 jkate kernel: thermal_sys: Registered thermal governor 'power_allocator'
2024-06-25T21:15:23.044147+00:00 jkate kernel: cpuidle: using governor ladder
2024-06-25T21:15:23.044147+00:00 jkate kernel: cpuidle: using governor menu
2024-06-25T21:15:23.044147+00:00 jkate kernel: hw-breakpoint: found 6 breakpoint and 4 watchpoint registers.
2024-06-25T21:15:23.044147+00:00 jkate kernel: ASID allocator initialised with 256 entries
2024-06-25T21:15:23.044149+00:00 jkate kernel: acpiphp: ACPI Hot Plug PCI Controller Driver version: 0.5
2024-06-25T21:15:23.044149+00:00 jkate kernel: Serial: AMBA PL011 UART driver
2024-06-25T21:15:23.044149+00:00 jkate kernel: Modules: 2G module region forced by RANDOMIZE_MODULE_REGION_FULL
2024-06-25T21:15:23.044149+00:00 jkate kernel: Modules: 0 pages in range for non-PLT usage
2024-06-25T21:15:23.044150+00:00 jkate kernel: Modules: 509840 pages in range for PLT usage
2024-06-25T21:15:23.044150+00:00 jkate kernel: HugeTLB: registered 1.00 GiB page size, pre-allocated 0 pages
2024-06-25T21:15:23.044151+00:00 jkate kernel: HugeTLB: 0 KiB vmemmap can be freed for a 1.00 GiB page
2024-06-25T21:15:23.044151+00:00 jkate kernel: HugeTLB: registered 32.0 MiB page size, pre-allocated 0 pages
2024-06-25T21:15:23.044151+00:00 jkate kernel: HugeTLB: 0 KiB vmemmap can be freed for a 32.0 MiB page
2024-06-25T21:15:23.044152+00:00 jkate kernel: HugeTLB: registered 2.00 MiB page size, pre-allocated 0 pages
2024-06-25T21:15:23.044152+00:00 jkate kernel: HugeTLB: 0 KiB vmemmap can be freed for a 2.00 MiB page
2024-06-25T21:15:23.044152+00:00 jkate kernel: HugeTLB: registered 64.0 KiB page size, pre-allocated 0 pages
2024-06-25T21:15:23.044152+00:00 jkate kernel: HugeTLB: 0 KiB vmemmap can be freed for a 64.0 KiB page
2024-06-25T21:15:23.044153+00:00 jkate kernel: ACPI: Added _OSI(Module Device)
2024-06-25T21:15:23.044154+00:00 jkate kernel: ACPI: Added _OSI(Processor Device)
2024-06-25T21:15:23.044154+00:00 jkate kernel: ACPI: Added _OSI(3.0 _SCP Extensions)
2024-06-25T21:15:23.044154+00:00 jkate kernel: ACPI: Added _OSI(Processor Aggregator Device)
2024-06-25T21:15:23.044154+00:00 jkate kernel: ACPI: 1 ACPI AML tables successfully acquired and loaded
2024-06-25T21:15:23.044155+00:00 jkate kernel: ACPI: Interpreter enabled
2024-06-25T21:15:23.044155+00:00 jkate kernel: ACPI: Using GIC for interrupt routing
2024-06-25T21:15:23.044155+00:00 jkate kernel: ACPI: MCFG table detected, 1 entries
2024-06-25T21:15:23.044156+00:00 jkate kernel: ARMH0011:00: ttyAMA0 at MMIO 0x9000000 (irq = 12, base_baud = 0) is a SBSA
2024-06-25T21:15:23.044156+00:00 jkate kernel: printk: legacy console [ttyAMA0] enabled
2024-06-25T21:15:23.044156+00:00 jkate kernel: ACPI: PCI Root Bridge [PCI0] (domain 0000 [bus 00-ff])
2024-06-25T21:15:23.044156+00:00 jkate kernel: acpi PNP0A08:00: _OSC: OS supports [ExtendedConfig ASPM ClockPM Segments MSI EDR HPX-Type3]
2024-06-25T21:15:23.044156+00:00 jkate kernel: acpi PNP0A08:00: _OSC: platform does not support [LTR DPC]
2024-06-25T21:15:23.044157+00:00 jkate kernel: acpi PNP0A08:00: _OSC: OS now controls [PCIeHotplug SHPCHotplug PME AER PCIeCapability]
2024-06-25T21:15:23.044157+00:00 jkate kernel: acpi PNP0A08:00: ECAM area [mem 0x4010000000-0x401fffffff] reserved by PNP0C02:00
2024-06-25T21:15:23.044157+00:00 jkate kernel: acpi PNP0A08:00: ECAM at [mem 0x4010000000-0x401fffffff] for [bus 00-ff]
2024-06-25T21:15:23.044158+00:00 jkate kernel: ACPI: Remapped I/O 0x000000003eff0000 to [io  0x0000-0xffff window]
2024-06-25T21:15:23.044158+00:00 jkate kernel: PCI host bridge to bus 0000:00
2024-06-25T21:15:23.044158+00:00 jkate kernel: pci_bus 0000:00: root bus resource [mem 0x10000000-0x3efeffff window]
2024-06-25T21:15:23.044159+00:00 jkate kernel: pci_bus 0000:00: root bus resource [io  0x0000-0xffff window]
2024-06-25T21:15:23.044159+00:00 jkate kernel: pci_bus 0000:00: root bus resource [mem 0x8000000000-0xffffffffff window]
2024-06-25T21:15:23.044159+00:00 jkate kernel: pci_bus 0000:00: root bus resource [bus 00-ff]
2024-06-25T21:15:23.044159+00:00 jkate kernel: pci 0000:00:00.0: [1b36:0008] type 00 class 0x060000 conventional PCI endpoint
2024-06-25T21:15:23.044160+00:00 jkate kernel: pci 0000:00:01.0: [1af4:1000] type 00 class 0x020000 conventional PCI endpoint
2024-06-25T21:15:23.044160+00:00 jkate kernel: pci 0000:00:01.0: BAR 0 [io  0x00e0-0x00ff]
2024-06-25T21:15:23.044160+00:00 jkate kernel: pci 0000:00:01.0: BAR 1 [mem 0x10048000-0x10048fff]
2024-06-25T21:15:23.044161+00:00 jkate kernel: pci 0000:00:01.0: BAR 4 [mem 0x8000000000-0x8000003fff 64bit pref]
2024-06-25T21:15:23.044161+00:00 jkate kernel: pci 0000:00:01.0: ROM [mem 0xfffc0000-0xffffffff pref]
2024-06-25T21:15:23.044161+00:00 jkate kernel: pci 0000:00:02.0: [1af4:1050] type 00 class 0x038000 conventional PCI endpoint
2024-06-25T21:15:23.044161+00:00 jkate kernel: pci 0000:00:02.0: BAR 1 [mem 0x10047000-0x10047fff]
2024-06-25T21:15:23.044162+00:00 jkate kernel: pci 0000:00:02.0: BAR 4 [mem 0x8000004000-0x8000007fff 64bit pref]
2024-06-25T21:15:23.044162+00:00 jkate kernel: pci 0000:00:03.0: [8086:2668] type 00 class 0x040300 conventional PCI endpoint
2024-06-25T21:15:23.044162+00:00 jkate kernel: pci 0000:00:03.0: BAR 0 [mem 0x10040000-0x10043fff]
2024-06-25T21:15:23.044163+00:00 jkate kernel: pci 0000:00:04.0: [1033:0194] type 00 class 0x0c0330 PCIe Root Complex Integrated Endpoint
2024-06-25T21:15:23.044163+00:00 jkate kernel: pci 0000:00:04.0: BAR 0 [mem 0x8000018000-0x800001bfff 64bit]
2024-06-25T21:15:23.044163+00:00 jkate kernel: pci 0000:00:05.0: [1b36:000d] type 00 class 0x0c0330 PCIe Root Complex Integrated Endpoint
2024-06-25T21:15:23.044163+00:00 jkate kernel: pci 0000:00:05.0: BAR 0 [mem 0x8000014000-0x8000017fff 64bit]
2024-06-25T21:15:23.044163+00:00 jkate kernel: pci 0000:00:06.0: [1af4:1001] type 00 class 0x010000 conventional PCI endpoint
2024-06-25T21:15:23.044164+00:00 jkate kernel: pci 0000:00:06.0: BAR 0 [io  0x0000-0x007f]
2024-06-25T21:15:23.044164+00:00 jkate kernel: pci 0000:00:06.0: BAR 1 [mem 0x10046000-0x10046fff]
2024-06-25T21:15:23.044164+00:00 jkate kernel: pci 0000:00:06.0: BAR 4 [mem 0x8000008000-0x800000bfff 64bit pref]
2024-06-25T21:15:23.044165+00:00 jkate kernel: pci 0000:00:07.0: [1af4:1003] type 00 class 0x078000 conventional PCI endpoint
2024-06-25T21:15:23.044165+00:00 jkate kernel: pci 0000:00:07.0: BAR 0 [io  0x0080-0x00bf]
2024-06-25T21:15:23.044165+00:00 jkate kernel: pci 0000:00:07.0: BAR 1 [mem 0x10045000-0x10045fff]
2024-06-25T21:15:23.044165+00:00 jkate kernel: pci 0000:00:07.0: BAR 4 [mem 0x800000c000-0x800000ffff 64bit pref]
2024-06-25T21:15:23.044166+00:00 jkate kernel: pci 0000:00:08.0: [1af4:1005] type 00 class 0x00ff00 conventional PCI endpoint
2024-06-25T21:15:23.044166+00:00 jkate kernel: pci 0000:00:08.0: BAR 0 [io  0x00c0-0x00df]
2024-06-25T21:15:23.044166+00:00 jkate kernel: pci 0000:00:08.0: BAR 1 [mem 0x10044000-0x10044fff]
2024-06-25T21:15:23.044167+00:00 jkate kernel: pci 0000:00:08.0: BAR 4 [mem 0x8000010000-0x8000013fff 64bit pref]
2024-06-25T21:15:23.044167+00:00 jkate kernel: pci 0000:00:01.0: ROM [mem 0x10000000-0x1003ffff pref]: assigned
2024-06-25T21:15:23.044186+00:00 jkate kernel: pci 0000:00:01.0: BAR 4 [mem 0x8000000000-0x8000003fff 64bit pref]: assigned
2024-06-25T21:15:23.044187+00:00 jkate kernel: pci 0000:00:02.0: BAR 4 [mem 0x8000004000-0x8000007fff 64bit pref]: assigned
2024-06-25T21:15:23.044187+00:00 jkate kernel: pci 0000:00:03.0: BAR 0 [mem 0x10040000-0x10043fff]: assigned
2024-06-25T21:15:23.044188+00:00 jkate kernel: pci 0000:00:04.0: BAR 0 [mem 0x8000008000-0x800000bfff 64bit]: assigned
2024-06-25T21:15:23.044188+00:00 jkate kernel: pci 0000:00:05.0: BAR 0 [mem 0x800000c000-0x800000ffff 64bit]: assigned
2024-06-25T21:15:23.044188+00:00 jkate kernel: pci 0000:00:06.0: BAR 4 [mem 0x8000010000-0x8000013fff 64bit pref]: assigned
2024-06-25T21:15:23.044188+00:00 jkate kernel: pci 0000:00:07.0: BAR 4 [mem 0x8000014000-0x8000017fff 64bit pref]: assigned
2024-06-25T21:15:23.044189+00:00 jkate kernel: pci 0000:00:08.0: BAR 4 [mem 0x8000018000-0x800001bfff 64bit pref]: assigned
2024-06-25T21:15:23.044189+00:00 jkate kernel: pci 0000:00:01.0: BAR 1 [mem 0x10044000-0x10044fff]: assigned
2024-06-25T21:15:23.044189+00:00 jkate kernel: pci 0000:00:02.0: BAR 1 [mem 0x10045000-0x10045fff]: assigned
2024-06-25T21:15:23.044189+00:00 jkate kernel: pci 0000:00:06.0: BAR 1 [mem 0x10046000-0x10046fff]: assigned
2024-06-25T21:15:23.044190+00:00 jkate kernel: pci 0000:00:07.0: BAR 1 [mem 0x10047000-0x10047fff]: assigned
2024-06-25T21:15:23.044190+00:00 jkate kernel: pci 0000:00:08.0: BAR 1 [mem 0x10048000-0x10048fff]: assigned
2024-06-25T21:15:23.044190+00:00 jkate kernel: pci 0000:00:06.0: BAR 0 [io  0x1000-0x107f]: assigned
2024-06-25T21:15:23.044191+00:00 jkate kernel: pci 0000:00:07.0: BAR 0 [io  0x1080-0x10bf]: assigned
2024-06-25T21:15:23.044191+00:00 jkate kernel: pci 0000:00:01.0: BAR 0 [io  0x10c0-0x10df]: assigned
2024-06-25T21:15:23.044191+00:00 jkate kernel: pci 0000:00:08.0: BAR 0 [io  0x10e0-0x10ff]: assigned
2024-06-25T21:15:23.044191+00:00 jkate kernel: pci_bus 0000:00: resource 4 [mem 0x10000000-0x3efeffff window]
2024-06-25T21:15:23.044192+00:00 jkate kernel: pci_bus 0000:00: resource 5 [io  0x0000-0xffff window]
2024-06-25T21:15:23.044192+00:00 jkate kernel: pci_bus 0000:00: resource 6 [mem 0x8000000000-0xffffffffff window]
2024-06-25T21:15:23.044192+00:00 jkate kernel: ACPI: PCI: Interrupt link GSI0 configured for IRQ 35
2024-06-25T21:15:23.044193+00:00 jkate kernel: ACPI: PCI: Interrupt link GSI1 configured for IRQ 36
2024-06-25T21:15:23.044193+00:00 jkate kernel: ACPI: PCI: Interrupt link GSI2 configured for IRQ 37
2024-06-25T21:15:23.044193+00:00 jkate kernel: ACPI: PCI: Interrupt link GSI3 configured for IRQ 38
2024-06-25T21:15:23.044193+00:00 jkate kernel: iommu: Default domain type: Translated
2024-06-25T21:15:23.044194+00:00 jkate kernel: iommu: DMA domain TLB invalidation policy: strict mode
2024-06-25T21:15:23.044194+00:00 jkate kernel: SCSI subsystem initialized
2024-06-25T21:15:23.044194+00:00 jkate kernel: libata version 3.00 loaded.
2024-06-25T21:15:23.044195+00:00 jkate kernel: ACPI: bus type USB registered
2024-06-25T21:15:23.044195+00:00 jkate kernel: usbcore: registered new interface driver usbfs
2024-06-25T21:15:23.044195+00:00 jkate kernel: usbcore: registered new interface driver hub
2024-06-25T21:15:23.044195+00:00 jkate kernel: usbcore: registered new device driver usb
2024-06-25T21:15:23.044195+00:00 jkate kernel: pps_core: LinuxPPS API ver. 1 registered
2024-06-25T21:15:23.044196+00:00 jkate kernel: pps_core: Software ver. 5.3.6 - Copyright 2005-2007 Rodolfo Giometti <giometti@linux.it>
2024-06-25T21:15:23.044197+00:00 jkate kernel: PTP clock support registered
2024-06-25T21:15:23.044197+00:00 jkate kernel: EDAC MC: Ver: 3.0.0
2024-06-25T21:15:23.044197+00:00 jkate kernel: scmi_core: SCMI protocol bus registered
2024-06-25T21:15:23.044197+00:00 jkate kernel: efivars: Registered efivars operations
2024-06-25T21:15:23.044198+00:00 jkate kernel: NetLabel: Initializing
2024-06-25T21:15:23.044200+00:00 jkate kernel: NetLabel:  domain hash size = 128
2024-06-25T21:15:23.044201+00:00 jkate kernel: NetLabel:  protocols = UNLABELED CIPSOv4 CALIPSO
2024-06-25T21:15:23.044201+00:00 jkate kernel: NetLabel:  unlabeled traffic allowed by default
2024-06-25T21:15:23.044201+00:00 jkate kernel: mctp: management component transport protocol core
2024-06-25T21:15:23.044201+00:00 jkate kernel: NET: Registered PF_MCTP protocol family
2024-06-25T21:15:23.044201+00:00 jkate kernel: vgaarb: loaded
2024-06-25T21:15:23.044202+00:00 jkate kernel: clocksource: Switched to clocksource arch_sys_counter
2024-06-25T21:15:23.044203+00:00 jkate kernel: VFS: Disk quotas dquot_6.6.0
2024-06-25T21:15:23.044203+00:00 jkate kernel: VFS: Dquot-cache hash table entries: 512 (order 0, 4096 bytes)
2024-06-25T21:15:23.044203+00:00 jkate kernel: AppArmor: AppArmor Filesystem Enabled
2024-06-25T21:15:23.044203+00:00 jkate kernel: pnp: PnP ACPI init
2024-06-25T21:15:23.044204+00:00 jkate kernel: system 00:00: [mem 0x4010000000-0x401fffffff window] could not be reserved
2024-06-25T21:15:23.044204+00:00 jkate kernel: pnp: PnP ACPI: found 1 devices
2024-06-25T21:15:23.044205+00:00 jkate kernel: NET: Registered PF_INET protocol family
2024-06-25T21:15:23.044205+00:00 jkate kernel: IP idents hash table entries: 65536 (order: 7, 524288 bytes, linear)
2024-06-25T21:15:23.044206+00:00 jkate kernel: tcp_listen_portaddr_hash hash table entries: 2048 (order: 3, 32768 bytes, linear)
2024-06-25T21:15:23.044206+00:00 jkate kernel: Table-perturb hash table entries: 65536 (order: 6, 262144 bytes, linear)
2024-06-25T21:15:23.044206+00:00 jkate kernel: TCP established hash table entries: 32768 (order: 6, 262144 bytes, linear)
2024-06-25T21:15:23.044206+00:00 jkate kernel: TCP bind hash table entries: 32768 (order: 8, 1048576 bytes, linear)
2024-06-25T21:15:23.044206+00:00 jkate kernel: TCP: Hash tables configured (established 32768 bind 32768)
2024-06-25T21:15:23.044207+00:00 jkate kernel: MPTCP token hash table entries: 4096 (order: 4, 98304 bytes, linear)
2024-06-25T21:15:23.044208+00:00 jkate kernel: UDP hash table entries: 2048 (order: 4, 65536 bytes, linear)
2024-06-25T21:15:23.044208+00:00 jkate kernel: UDP-Lite hash table entries: 2048 (order: 4, 65536 bytes, linear)
2024-06-25T21:15:23.044208+00:00 jkate kernel: NET: Registered PF_UNIX/PF_LOCAL protocol family
2024-06-25T21:15:23.044208+00:00 jkate kernel: NET: Registered PF_XDP protocol family
2024-06-25T21:15:23.044209+00:00 jkate kernel: pci 0000:00:04.0: enabling device (0000 -> 0002)
2024-06-25T21:15:23.044209+00:00 jkate kernel: pci 0000:00:05.0: enabling device (0000 -> 0002)
2024-06-25T21:15:23.044210+00:00 jkate kernel: PCI: CLS 0 bytes, default 64
2024-06-25T21:15:23.044210+00:00 jkate kernel: Trying to unpack rootfs image as initramfs...
2024-06-25T21:15:23.044210+00:00 jkate kernel: kvm [1]: HYP mode not available
2024-06-25T21:15:23.044210+00:00 jkate kernel: Initialise system trusted keyrings
2024-06-25T21:15:23.044211+00:00 jkate kernel: Key type blacklist registered
2024-06-25T21:15:23.044212+00:00 jkate kernel: workingset: timestamp_bits=40 max_order=20 bucket_order=0
2024-06-25T21:15:23.044212+00:00 jkate kernel: zbud: loaded
2024-06-25T21:15:23.044212+00:00 jkate kernel: squashfs: version 4.0 (2009/01/31) Phillip Lougher
2024-06-25T21:15:23.044212+00:00 jkate kernel: fuse: init (API version 7.39)
2024-06-25T21:15:23.044213+00:00 jkate kernel: integrity: Platform Keyring initialized
2024-06-25T21:15:23.044213+00:00 jkate kernel: integrity: Machine keyring initialized
2024-06-25T21:15:23.044213+00:00 jkate kernel: Key type asymmetric registered
2024-06-25T21:15:23.044214+00:00 jkate kernel: Asymmetric key parser 'x509' registered
2024-06-25T21:15:23.044214+00:00 jkate kernel: Block layer SCSI generic (bsg) driver version 0.4 loaded (major 242)
2024-06-25T21:15:23.044214+00:00 jkate kernel: io scheduler mq-deadline registered
2024-06-25T21:15:23.044215+00:00 jkate kernel: shpchp: Standard Hot Plug PCI Controller Driver version: 0.4
2024-06-25T21:15:23.044215+00:00 jkate kernel: input: Power Button as /devices/LNXSYSTM:00/LNXSYBUS:00/PNP0C0C:00/input/input0
2024-06-25T21:15:23.044215+00:00 jkate kernel: ACPI: button: Power Button [PWRB]
2024-06-25T21:15:23.044219+00:00 jkate kernel: ACPI: \_SB_.PCI0.GSI1: Enabled at IRQ 36
2024-06-25T21:15:23.044219+00:00 jkate kernel: virtio-pci 0000:00:01.0: enabling device (0000 -> 0003)
2024-06-25T21:15:23.044219+00:00 jkate kernel: ACPI: \_SB_.PCI0.GSI2: Enabled at IRQ 37
2024-06-25T21:15:23.044219+00:00 jkate kernel: virtio-pci 0000:00:06.0: enabling device (0005 -> 0007)
2024-06-25T21:15:23.044220+00:00 jkate kernel: ACPI: \_SB_.PCI0.GSI3: Enabled at IRQ 38
2024-06-25T21:15:23.044220+00:00 jkate kernel: virtio-pci 0000:00:07.0: enabling device (0000 -> 0003)
2024-06-25T21:15:23.044220+00:00 jkate kernel: ACPI: \_SB_.PCI0.GSI0: Enabled at IRQ 35
2024-06-25T21:15:23.044221+00:00 jkate kernel: virtio-pci 0000:00:08.0: enabling device (0005 -> 0007)
2024-06-25T21:15:23.044221+00:00 jkate kernel: Serial: 8250/16550 driver, 32 ports, IRQ sharing enabled
2024-06-25T21:15:23.044222+00:00 jkate kernel: msm_serial: driver initialized
2024-06-25T21:15:23.044222+00:00 jkate kernel: SuperH (H)SCI(F) driver initialized
2024-06-25T21:15:23.044223+00:00 jkate kernel: loop: module loaded
2024-06-25T21:15:23.044223+00:00 jkate kernel: virtio_blk virtio2: 4/0/0 default/read/poll queues
2024-06-25T21:15:23.044224+00:00 jkate kernel: virtio_blk virtio2: [vda] 134217728 512-byte logical blocks (68.7 GB/64.0 GiB)
2024-06-25T21:15:23.044224+00:00 jkate kernel:  vda: vda1 vda2 vda3
2024-06-25T21:15:23.044225+00:00 jkate kernel: ACPI: bus type drm_connector registered
2024-06-25T21:15:23.044225+00:00 jkate kernel: tun: Universal TUN/TAP device driver, 1.6
2024-06-25T21:15:23.044225+00:00 jkate kernel: PPP generic driver version 2.4.2
2024-06-25T21:15:23.044225+00:00 jkate kernel: mousedev: PS/2 mouse device common for all mice
2024-06-25T21:15:23.044226+00:00 jkate kernel: rtc-efi rtc-efi.0: registered as rtc0
2024-06-25T21:15:23.044227+00:00 jkate kernel: rtc-efi rtc-efi.0: setting system clock to 2024-06-25T21:15:18 UTC (1719350118)
2024-06-25T21:15:23.044227+00:00 jkate kernel: i2c_dev: i2c /dev entries driver
2024-06-25T21:15:23.044227+00:00 jkate kernel: device-mapper: core: CONFIG_IMA_DISABLE_HTABLE is disabled. Duplicate IMA measurements will not be recorded in the IMA log.
2024-06-25T21:15:23.044228+00:00 jkate kernel: device-mapper: uevent: version 1.0.3
2024-06-25T21:15:23.044228+00:00 jkate kernel: device-mapper: ioctl: 4.48.0-ioctl (2023-03-01) initialised: dm-devel@redhat.com
2024-06-25T21:15:23.044228+00:00 jkate kernel: ledtrig-cpu: registered to indicate activity on CPUs
2024-06-25T21:15:23.044229+00:00 jkate kernel: [drm] Initialized simpledrm 1.0.0 20200625 for simple-framebuffer.0 on minor 0
2024-06-25T21:15:23.044229+00:00 jkate kernel: fbcon: Deferring console take-over
2024-06-25T21:15:23.044230+00:00 jkate kernel: simple-framebuffer simple-framebuffer.0: [drm] fb0: simpledrmdrmfb frame buffer device
2024-06-25T21:15:23.044230+00:00 jkate kernel: drop_monitor: Initializing network drop monitor service
2024-06-25T21:15:23.044230+00:00 jkate kernel: NET: Registered PF_INET6 protocol family
2024-06-25T21:15:23.044230+00:00 jkate kernel: Freeing initrd memory: 68648K
2024-06-25T21:15:23.044231+00:00 jkate kernel: Segment Routing with IPv6
2024-06-25T21:15:23.044231+00:00 jkate kernel: In-situ OAM (IOAM) with IPv6
2024-06-25T21:15:23.044251+00:00 jkate kernel: NET: Registered PF_PACKET protocol family
2024-06-25T21:15:23.044251+00:00 jkate kernel: Key type dns_resolver registered
2024-06-25T21:15:23.044252+00:00 jkate kernel: registered taskstats version 1
2024-06-25T21:15:23.044252+00:00 jkate kernel: Loading compiled-in X.509 certificates
2024-06-25T21:15:23.044252+00:00 jkate kernel: Loaded X.509 cert 'Build time autogenerated kernel key: c2444253223d225502b83361eb5df4f3a454df81'
2024-06-25T21:15:23.044254+00:00 jkate kernel: Loaded X.509 cert 'Canonical Ltd. Live Patch Signing: 14df34d1a87cf37625abec039ef2bf521249b969'
2024-06-25T21:15:23.044254+00:00 jkate kernel: Loaded X.509 cert 'Canonical Ltd. Kernel Module Signing: 88f752e560a1e0737e31163a466ad7b70a850c19'
2024-06-25T21:15:23.044255+00:00 jkate kernel: blacklist: Loading compiled-in revocation X.509 certificates
2024-06-25T21:15:23.044255+00:00 jkate kernel: Loaded X.509 cert 'Canonical Ltd. Secure Boot Signing: 61482aa2830d0ab2ad5af10b7250da9033ddcef0'
2024-06-25T21:15:23.044255+00:00 jkate kernel: Loaded X.509 cert 'Canonical Ltd. Secure Boot Signing (2017): 242ade75ac4a15e50d50c84b0d45ff3eae707a03'
2024-06-25T21:15:23.044255+00:00 jkate kernel: Loaded X.509 cert 'Canonical Ltd. Secure Boot Signing (ESM 2018): 365188c1d374d6b07c3c8f240f8ef722433d6a8b'
2024-06-25T21:15:23.044256+00:00 jkate kernel: Loaded X.509 cert 'Canonical Ltd. Secure Boot Signing (2019): c0746fd6c5da3ae827864651ad66ae47fe24b3e8'
2024-06-25T21:15:23.044257+00:00 jkate kernel: Loaded X.509 cert 'Canonical Ltd. Secure Boot Signing (2021 v1): a8d54bbb3825cfb94fa13c9f8a594a195c107b8d'
2024-06-25T21:15:23.044257+00:00 jkate kernel: Loaded X.509 cert 'Canonical Ltd. Secure Boot Signing (2021 v2): 4cf046892d6fd3c9a5b03f98d845f90851dc6a8c'
2024-06-25T21:15:23.044257+00:00 jkate kernel: Loaded X.509 cert 'Canonical Ltd. Secure Boot Signing (2021 v3): 100437bb6de6e469b581e61cd66bce3ef4ed53af'
2024-06-25T21:15:23.044257+00:00 jkate kernel: Loaded X.509 cert 'Canonical Ltd. Secure Boot Signing (Ubuntu Core 2019): c1d57b8f6b743f23ee41f4f7ee292f06eecadfb9'
2024-06-25T21:15:23.044258+00:00 jkate kernel: Key type .fscrypt registered
2024-06-25T21:15:23.044259+00:00 jkate kernel: Key type fscrypt-provisioning registered
2024-06-25T21:15:23.044259+00:00 jkate kernel: Key type encrypted registered
2024-06-25T21:15:23.044259+00:00 jkate kernel: AppArmor: AppArmor sha256 policy hashing enabled
2024-06-25T21:15:23.044259+00:00 jkate kernel: integrity: Loading X.509 certificate: UEFI:db
2024-06-25T21:15:23.044260+00:00 jkate kernel: integrity: Loaded X.509 cert 'Microsoft Windows Production PCA 2011: a92902398e16c49778cd90f99e4f9ae17c55af53'
2024-06-25T21:15:23.044260+00:00 jkate kernel: integrity: Loading X.509 certificate: UEFI:db
2024-06-25T21:15:23.044261+00:00 jkate kernel: integrity: Loaded X.509 cert 'Microsoft Corporation UEFI CA 2011: 13adbf4309bd82709c8cd54f316ed522988a1bd4'
2024-06-25T21:15:23.044261+00:00 jkate kernel: ima: secureboot mode disabled
2024-06-25T21:15:23.044261+00:00 jkate kernel: ima: No TPM chip found, activating TPM-bypass!
2024-06-25T21:15:23.044261+00:00 jkate kernel: Loading compiled-in module X.509 certificates
2024-06-25T21:15:23.044262+00:00 jkate kernel: Loaded X.509 cert 'Build time autogenerated kernel key: c2444253223d225502b83361eb5df4f3a454df81'
2024-06-25T21:15:23.044262+00:00 jkate kernel: ima: Allocated hash algorithm: sha256
2024-06-25T21:15:23.044263+00:00 jkate kernel: ima: No architecture policies found
2024-06-25T21:15:23.044263+00:00 jkate kernel: evm: Initialising EVM extended attributes:
2024-06-25T21:15:23.044263+00:00 jkate kernel: evm: security.selinux
2024-06-25T21:15:23.044263+00:00 jkate kernel: evm: security.SMACK64
2024-06-25T21:15:23.044264+00:00 jkate kernel: evm: security.SMACK64EXEC
2024-06-25T21:15:23.044264+00:00 jkate kernel: evm: security.SMACK64TRANSMUTE
2024-06-25T21:15:23.044265+00:00 jkate kernel: evm: security.SMACK64MMAP
2024-06-25T21:15:23.044265+00:00 jkate kernel: evm: security.apparmor
2024-06-25T21:15:23.044265+00:00 jkate kernel: evm: security.ima
2024-06-25T21:15:23.044266+00:00 jkate kernel: evm: security.capability
2024-06-25T21:15:23.044266+00:00 jkate kernel: evm: HMAC attrs: 0x1
2024-06-25T21:15:23.044266+00:00 jkate kernel: clk: Disabling unused clocks
2024-06-25T21:15:23.044267+00:00 jkate kernel: Freeing unused kernel memory: 12224K
2024-06-25T21:15:23.044267+00:00 jkate kernel: Checked W+X mappings: passed, no W+X pages found
2024-06-25T21:15:23.044268+00:00 jkate kernel: Run /init as init process
2024-06-25T21:15:23.044268+00:00 jkate kernel:   with arguments:
2024-06-25T21:15:23.044268+00:00 jkate kernel:     /init
2024-06-25T21:15:23.044268+00:00 jkate kernel:   with environment:
2024-06-25T21:15:23.044268+00:00 jkate kernel:     HOME=/
2024-06-25T21:15:23.044269+00:00 jkate kernel:     TERM=linux
2024-06-25T21:15:23.044270+00:00 jkate kernel:     BOOT_IMAGE=/vmlinuz-6.8.0-35-generic
2024-06-25T21:15:23.044270+00:00 jkate kernel: xhci_hcd 0000:00:04.0: xHCI Host Controller
2024-06-25T21:15:23.044270+00:00 jkate kernel: xhci_hcd 0000:00:04.0: new USB bus registered, assigned bus number 1
2024-06-25T21:15:23.044270+00:00 jkate kernel: xhci_hcd 0000:00:04.0: hcc params 0x00080001 hci version 0x100 quirks 0x0000000000000014
2024-06-25T21:15:23.044271+00:00 jkate kernel: xhci_hcd 0000:00:04.0: xHCI Host Controller
2024-06-25T21:15:23.044272+00:00 jkate kernel: xhci_hcd 0000:00:04.0: new USB bus registered, assigned bus number 2
2024-06-25T21:15:23.044272+00:00 jkate kernel: xhci_hcd 0000:00:04.0: Host supports USB 3.0 SuperSpeed
2024-06-25T21:15:23.044272+00:00 jkate kernel: usb usb1: New USB device found, idVendor=1d6b, idProduct=0002, bcdDevice= 6.08
2024-06-25T21:15:23.044272+00:00 jkate kernel: usb usb1: New USB device strings: Mfr=3, Product=2, SerialNumber=1
2024-06-25T21:15:23.044273+00:00 jkate kernel: usb usb1: Product: xHCI Host Controller
2024-06-25T21:15:23.044273+00:00 jkate kernel: usb usb1: Manufacturer: Linux 6.8.0-35-generic xhci-hcd
2024-06-25T21:15:23.044273+00:00 jkate kernel: usb usb1: SerialNumber: 0000:00:04.0
2024-06-25T21:15:23.044274+00:00 jkate kernel: virtio_net virtio0 enp0s1: renamed from eth0
2024-06-25T21:15:23.044275+00:00 jkate kernel: [drm] pci: virtio-gpu-pci detected at 0000:00:02.0
2024-06-25T21:15:23.044275+00:00 jkate kernel: [drm] features: -virgl +edid -resource_blob -host_visible
2024-06-25T21:15:23.044275+00:00 jkate kernel: [drm] features: -context_init
2024-06-25T21:15:23.044275+00:00 jkate kernel: hub 1-0:1.0: USB hub found
2024-06-25T21:15:23.044276+00:00 jkate kernel: hub 1-0:1.0: 4 ports detected
2024-06-25T21:15:23.044277+00:00 jkate kernel: usb usb2: We don't know the algorithms for LPM for this host, disabling LPM.
2024-06-25T21:15:23.044277+00:00 jkate kernel: usb usb2: New USB device found, idVendor=1d6b, idProduct=0003, bcdDevice= 6.08
2024-06-25T21:15:23.044277+00:00 jkate kernel: usb usb2: New USB device strings: Mfr=3, Product=2, SerialNumber=1
2024-06-25T21:15:23.044277+00:00 jkate kernel: usb usb2: Product: xHCI Host Controller
2024-06-25T21:15:23.044277+00:00 jkate kernel: usb usb2: Manufacturer: Linux 6.8.0-35-generic xhci-hcd
2024-06-25T21:15:23.044278+00:00 jkate kernel: usb usb2: SerialNumber: 0000:00:04.0
2024-06-25T21:15:23.044279+00:00 jkate kernel: hub 2-0:1.0: USB hub found
2024-06-25T21:15:23.044279+00:00 jkate kernel: hub 2-0:1.0: 4 ports detected
2024-06-25T21:15:23.044279+00:00 jkate kernel: [drm] number of scanouts: 1
2024-06-25T21:15:23.044279+00:00 jkate kernel: [drm] number of cap sets: 0
2024-06-25T21:15:23.044280+00:00 jkate kernel: [drm] Initialized virtio_gpu 0.1.0 0 for 0000:00:02.0 on minor 1
2024-06-25T21:15:23.044280+00:00 jkate kernel: xhci_hcd 0000:00:05.0: xHCI Host Controller
2024-06-25T21:15:23.044280+00:00 jkate kernel: xhci_hcd 0000:00:05.0: new USB bus registered, assigned bus number 3
2024-06-25T21:15:23.044281+00:00 jkate kernel: xhci_hcd 0000:00:05.0: hcc params 0x00087001 hci version 0x100 quirks 0x0000000000000010
2024-06-25T21:15:23.044281+00:00 jkate kernel: fbcon: Deferring console take-over
2024-06-25T21:15:23.044281+00:00 jkate kernel: xhci_hcd 0000:00:05.0: xHCI Host Controller
2024-06-25T21:15:23.044282+00:00 jkate kernel: virtio-pci 0000:00:02.0: [drm] fb1: virtio_gpudrmfb frame buffer device
2024-06-25T21:15:23.044282+00:00 jkate kernel: xhci_hcd 0000:00:05.0: new USB bus registered, assigned bus number 4
2024-06-25T21:15:23.044282+00:00 jkate kernel: xhci_hcd 0000:00:05.0: Host supports USB 3.0 SuperSpeed
2024-06-25T21:15:23.044283+00:00 jkate kernel: usb usb3: New USB device found, idVendor=1d6b, idProduct=0002, bcdDevice= 6.08
2024-06-25T21:15:23.044283+00:00 jkate kernel: usb usb3: New USB device strings: Mfr=3, Product=2, SerialNumber=1
2024-06-25T21:15:23.044284+00:00 jkate kernel: usb usb3: Product: xHCI Host Controller
2024-06-25T21:15:23.044284+00:00 jkate kernel: usb usb3: Manufacturer: Linux 6.8.0-35-generic xhci-hcd
2024-06-25T21:15:23.044284+00:00 jkate kernel: usb usb3: SerialNumber: 0000:00:05.0
2024-06-25T21:15:23.044284+00:00 jkate kernel: hub 3-0:1.0: USB hub found
2024-06-25T21:15:23.044284+00:00 jkate kernel: hub 3-0:1.0: 4 ports detected
2024-06-25T21:15:23.044285+00:00 jkate kernel: usb usb4: We don't know the algorithms for LPM for this host, disabling LPM.
2024-06-25T21:15:23.044286+00:00 jkate kernel: usb usb4: New USB device found, idVendor=1d6b, idProduct=0003, bcdDevice= 6.08
2024-06-25T21:15:23.044286+00:00 jkate kernel: usb usb4: New USB device strings: Mfr=3, Product=2, SerialNumber=1
2024-06-25T21:15:23.044286+00:00 jkate kernel: usb usb4: Product: xHCI Host Controller
2024-06-25T21:15:23.044286+00:00 jkate kernel: usb usb4: Manufacturer: Linux 6.8.0-35-generic xhci-hcd
2024-06-25T21:15:23.044287+00:00 jkate kernel: usb usb4: SerialNumber: 0000:00:05.0
2024-06-25T21:15:23.044288+00:00 jkate kernel: hub 4-0:1.0: USB hub found
2024-06-25T21:15:23.044289+00:00 jkate kernel: hub 4-0:1.0: 4 ports detected
2024-06-25T21:15:23.044289+00:00 jkate kernel: raid6: neonx8   gen() 38901 MB/s
2024-06-25T21:15:23.044289+00:00 jkate kernel: raid6: neonx4   gen() 39046 MB/s
2024-06-25T21:15:23.044289+00:00 jkate kernel: raid6: neonx2   gen() 39108 MB/s
2024-06-25T21:15:23.044290+00:00 jkate kernel: raid6: neonx1   gen() 38809 MB/s
2024-06-25T21:15:23.044290+00:00 jkate kernel: raid6: int64x8  gen() 17882 MB/s
2024-06-25T21:15:23.044291+00:00 jkate kernel: raid6: int64x4  gen() 16842 MB/s
2024-06-25T21:15:23.044291+00:00 jkate kernel: raid6: int64x2  gen() 14320 MB/s
2024-06-25T21:15:23.044291+00:00 jkate kernel: usb 1-1: new high-speed USB device number 2 using xhci_hcd
2024-06-25T21:15:23.044292+00:00 jkate kernel: raid6: int64x1  gen() 12175 MB/s
2024-06-25T21:15:23.044292+00:00 jkate kernel: raid6: using algorithm neonx2 gen() 39108 MB/s
2024-06-25T21:15:23.044292+00:00 jkate kernel: raid6: .... xor() 33613 MB/s, rmw enabled
2024-06-25T21:15:23.044294+00:00 jkate kernel: raid6: using neon recovery algorithm
2024-06-25T21:15:23.044294+00:00 jkate kernel: xor: measuring software checksum speed
2024-06-25T21:15:23.044294+00:00 jkate kernel:    8regs           : 51978 MB/sec
2024-06-25T21:15:23.044295+00:00 jkate kernel:    32regs          : 45696 MB/sec
2024-06-25T21:15:23.044295+00:00 jkate kernel:    arm64_neon      : 59942 MB/sec
2024-06-25T21:15:23.044295+00:00 jkate kernel: xor: using function: arm64_neon (59942 MB/sec)
2024-06-25T21:15:23.044296+00:00 jkate kernel: async_tx: api initialized (async)
2024-06-25T21:15:23.044311+00:00 jkate kernel: Btrfs loaded, zoned=yes, fsverity=yes
2024-06-25T21:15:23.044311+00:00 jkate kernel: EXT4-fs (dm-0): mounted filesystem 15543dbe-658d-4759-90f1-8ecc27892866 ro with ordered data mode. Quota mode: none.
2024-06-25T21:15:23.044311+00:00 jkate kernel: usb 1-1: New USB device found, idVendor=0627, idProduct=0001, bcdDevice= 0.00
2024-06-25T21:15:23.044311+00:00 jkate kernel: usb 1-1: New USB device strings: Mfr=1, Product=3, SerialNumber=10
2024-06-25T21:15:23.044311+00:00 jkate kernel: usb 1-1: Product: QEMU USB Tablet
2024-06-25T21:15:23.044313+00:00 jkate kernel: usb 1-1: Manufacturer: QEMU
2024-06-25T21:15:23.044313+00:00 jkate kernel: usb 1-1: SerialNumber: 28754-0000:00:04.0-1
2024-06-25T21:15:23.044315+00:00 jkate kernel: usb 1-2: new high-speed USB device number 3 using xhci_hcd
2024-06-25T21:15:23.044331+00:00 jkate kernel: pstore: Using crash dump compression: deflate
2024-06-25T21:15:23.044333+00:00 jkate kernel: pstore: Registered efi_pstore as persistent store backend
2024-06-25T21:15:23.044338+00:00 jkate kernel: EXT4-fs (dm-0): re-mounted 15543dbe-658d-4759-90f1-8ecc27892866 r/w. Quota mode: none.
2024-06-25T21:15:23.044355+00:00 jkate kernel: Adding 3992572k swap on /swap.img.  Priority:-2 extents:3 across:4262908k 
2024-06-25T21:15:23.044355+00:00 jkate kernel: usb 1-2: New USB device found, idVendor=0627, idProduct=0001, bcdDevice= 0.00
2024-06-25T21:15:23.044356+00:00 jkate kernel: usb 1-2: New USB device strings: Mfr=1, Product=2, SerialNumber=9
2024-06-25T21:15:23.044356+00:00 jkate kernel: usb 1-2: Product: QEMU USB Mouse
2024-06-25T21:15:23.044356+00:00 jkate kernel: usb 1-2: Manufacturer: QEMU
2024-06-25T21:15:23.044358+00:00 jkate kernel: usb 1-2: SerialNumber: 89126-0000:00:04.0-2
2024-06-25T21:15:23.044358+00:00 jkate kernel: hid: raw HID events driver (C) Jiri Kosina
2024-06-25T21:15:23.044358+00:00 jkate kernel: usbcore: registered new interface driver usbhid
2024-06-25T21:15:23.044358+00:00 jkate kernel: usbhid: USB HID core driver
2024-06-25T21:15:23.044359+00:00 jkate kernel: usb 1-3: new high-speed USB device number 4 using xhci_hcd
2024-06-25T21:15:23.044359+00:00 jkate kernel: EXT4-fs (vda2): mounted filesystem 6298703b-9af5-4277-8af2-c450670fc36b r/w with ordered data mode. Quota mode: none.
2024-06-25T21:15:23.044360+00:00 jkate kernel: snd_hda_intel 0000:00:03.0: enabling device (0000 -> 0002)
2024-06-25T21:15:23.044360+00:00 jkate kernel: snd_hda_intel 0000:00:03.0: Force to snoop mode by module option
2024-06-25T21:15:23.044361+00:00 jkate kernel: audit: type=1400 audit(1719350119.437:2): apparmor="STATUS" operation="profile_load" profile="unconfined" name="QtWebEngineProcess" pid=519 comm="apparmor_parser"
2024-06-25T21:15:23.044361+00:00 jkate kernel: audit: type=1400 audit(1719350119.437:3): apparmor="STATUS" operation="profile_load" profile="unconfined" name="Discord" pid=516 comm="apparmor_parser"
2024-06-25T21:15:23.044361+00:00 jkate kernel: audit: type=1400 audit(1719350119.437:4): apparmor="STATUS" operation="profile_load" profile="unconfined" name="1password" pid=515 comm="apparmor_parser"
2024-06-25T21:15:23.044362+00:00 jkate kernel: audit: type=1400 audit(1719350119.438:5): apparmor="STATUS" operation="profile_load" profile="unconfined" name=4D6F6E676F444220436F6D70617373 pid=518 comm="apparmor_parser"
2024-06-25T21:15:23.044362+00:00 jkate kernel: audit: type=1400 audit(1719350119.438:6): apparmor="STATUS" operation="profile_load" profile="unconfined" name="brave" pid=522 comm="apparmor_parser"
2024-06-25T21:15:23.044363+00:00 jkate kernel: audit: type=1400 audit(1719350119.438:7): apparmor="STATUS" operation="profile_load" profile="unconfined" name="buildah" pid=524 comm="apparmor_parser"
2024-06-25T21:15:23.044363+00:00 jkate kernel: audit: type=1400 audit(1719350119.439:8): apparmor="STATUS" operation="profile_load" profile="unconfined" name="ch-checkns" pid=528 comm="apparmor_parser"
2024-06-25T21:15:23.044364+00:00 jkate kernel: audit: type=1400 audit(1719350119.439:9): apparmor="STATUS" operation="profile_load" profile="unconfined" name="busybox" pid=525 comm="apparmor_parser"
2024-06-25T21:15:23.044365+00:00 jkate kernel: audit: type=1400 audit(1719350119.439:10): apparmor="STATUS" operation="profile_load" profile="unconfined" name="cam" pid=526 comm="apparmor_parser"
2024-06-25T21:15:23.044365+00:00 jkate kernel: snd_hda_codec_generic hdaudioC0D0: autoconfig for Generic: line_outs=1 (0x3/0x0/0x0/0x0/0x0) type:line
2024-06-25T21:15:23.044365+00:00 jkate kernel: snd_hda_codec_generic hdaudioC0D0:    speaker_outs=0 (0x0/0x0/0x0/0x0/0x0)
2024-06-25T21:15:23.044366+00:00 jkate kernel: snd_hda_codec_generic hdaudioC0D0:    hp_outs=0 (0x0/0x0/0x0/0x0/0x0)
2024-06-25T21:15:23.044366+00:00 jkate kernel: snd_hda_codec_generic hdaudioC0D0:    mono: mono_out=0x0
2024-06-25T21:15:23.044366+00:00 jkate kernel: snd_hda_codec_generic hdaudioC0D0:    inputs:
2024-06-25T21:15:23.044367+00:00 jkate kernel: snd_hda_codec_generic hdaudioC0D0:      Line=0x5
2024-06-25T21:15:23.044367+00:00 jkate kernel: usb 1-3: New USB device found, idVendor=0627, idProduct=0001, bcdDevice= 0.00
2024-06-25T21:15:23.044367+00:00 jkate kernel: usb 1-3: New USB device strings: Mfr=1, Product=4, SerialNumber=11
2024-06-25T21:15:23.044368+00:00 jkate kernel: usb 1-3: Product: QEMU USB Keyboard
2024-06-25T21:15:23.044368+00:00 jkate kernel: usb 1-3: Manufacturer: QEMU
2024-06-25T21:15:23.044368+00:00 jkate kernel: usb 1-3: SerialNumber: 68284-0000:00:04.0-3
2024-06-25T21:15:23.044368+00:00 jkate kernel: usb 1-4: new full-speed USB device number 5 using xhci_hcd
2024-06-25T21:15:23.044370+00:00 jkate kernel: usb 1-4: New USB device found, idVendor=0409, idProduct=55aa, bcdDevice= 1.01
2024-06-25T21:15:23.044370+00:00 jkate kernel: usb 1-4: New USB device strings: Mfr=1, Product=2, SerialNumber=3
2024-06-25T21:15:23.044370+00:00 jkate kernel: usb 1-4: Product: QEMU USB Hub
2024-06-25T21:15:23.044370+00:00 jkate kernel: usb 1-4: Manufacturer: QEMU
2024-06-25T21:15:23.044371+00:00 jkate kernel: usb 1-4: SerialNumber: 314159-0000:00:04.0-4
2024-06-25T21:15:23.044371+00:00 jkate kernel: hub 1-4:1.0: USB hub found
2024-06-25T21:15:23.044372+00:00 jkate kernel: hub 1-4:1.0: 8 ports detected
2024-06-25T21:15:23.044372+00:00 jkate kernel: input: QEMU QEMU USB Tablet as /devices/pci0000:00/0000:00:04.0/usb1/1-1/1-1:1.0/0003:0627:0001.0001/input/input1
2024-06-25T21:15:23.044372+00:00 jkate kernel: hid-generic 0003:0627:0001.0001: input,hidraw0: USB HID v0.01 Mouse [QEMU QEMU USB Tablet] on usb-0000:00:04.0-1/input0
2024-06-25T21:15:23.044373+00:00 jkate kernel: input: QEMU QEMU USB Mouse as /devices/pci0000:00/0000:00:04.0/usb1/1-2/1-2:1.0/0003:0627:0001.0002/input/input2
2024-06-25T21:15:23.044373+00:00 jkate kernel: hid-generic 0003:0627:0001.0002: input,hidraw1: USB HID v0.01 Mouse [QEMU QEMU USB Mouse] on usb-0000:00:04.0-2/input0
2024-06-25T21:15:23.044373+00:00 jkate kernel: input: QEMU QEMU USB Keyboard as /devices/pci0000:00/0000:00:04.0/usb1/1-3/1-3:1.0/0003:0627:0001.0003/input/input3
2024-06-25T21:15:23.044375+00:00 jkate kernel: hid-generic 0003:0627:0001.0003: input,hidraw2: USB HID v1.11 Keyboard [QEMU QEMU USB Keyboard] on usb-0000:00:04.0-3/input0
2024-06-25T21:15:23.044375+00:00 jkate kernel: usb 1-4.1: new full-speed USB device number 6 using xhci_hcd
2024-06-25T21:15:23.044375+00:00 jkate kernel: usb 1-4.1: not running at top speed; connect to a high speed hub
2024-06-25T21:15:23.044375+00:00 jkate kernel: usb 1-4.1: New USB device found, idVendor=46f4, idProduct=0001, bcdDevice= 0.00
2024-06-25T21:15:23.044376+00:00 jkate kernel: usb 1-4.1: New USB device strings: Mfr=1, Product=2, SerialNumber=3
2024-06-25T21:15:23.044376+00:00 jkate kernel: usb 1-4.1: Product: QEMU USB HARDDRIVE
2024-06-25T21:15:23.044377+00:00 jkate kernel: usb 1-4.1: Manufacturer: QEMU
2024-06-25T21:15:23.044377+00:00 jkate kernel: usb 1-4.1: SerialNumber: 1-0000:00:04.0-4.1
2024-06-25T21:15:23.044377+00:00 jkate kernel: usb-storage 1-4.1:1.0: USB Mass Storage device detected
2024-06-25T21:15:23.044377+00:00 jkate kernel: scsi host0: usb-storage 1-4.1:1.0
2024-06-25T21:15:23.044378+00:00 jkate kernel: usbcore: registered new interface driver usb-storage
2024-06-25T21:15:23.044378+00:00 jkate kernel: cfg80211: Loading compiled-in X.509 certificates for regulatory database
2024-06-25T21:15:23.044379+00:00 jkate kernel: Loaded X.509 cert 'sforshee: 00b28ddf47aef9cea7'
2024-06-25T21:15:23.044379+00:00 jkate kernel: Loaded X.509 cert 'wens: 61c038651aabdcf94bd0ac7ff06c7248db18c600'
2024-06-25T21:15:23.044379+00:00 jkate kernel: usbcore: registered new interface driver uas
2024-06-25T21:15:23.044380+00:00 jkate kernel: scsi 0:0:0:0: CD-ROM            QEMU     QEMU CD-ROM      2.5+ PQ: 0 ANSI: 5
2024-06-25T21:15:23.044380+00:00 jkate kernel: sr 0:0:0:0: [sr0] scsi3-mmc drive: 16x/50x cd/rw xa/form2 cdda tray
2024-06-25T21:15:23.044381+00:00 jkate kernel: cdrom: Uniform CD-ROM driver Revision: 3.20
2024-06-25T21:15:23.044382+00:00 jkate kernel: sr 0:0:0:0: Attached scsi CD-ROM sr0
2024-06-25T21:15:23.044382+00:00 jkate kernel: sr 0:0:0:0: Attached scsi generic sg0 type 5
2024-06-25T21:15:23.075582+00:00 jkate kernel: loop0: detected capacity change from 0 to 8
2024-06-25T21:15:23.097175+00:00 jkate kernel: NET: Registered PF_QIPCRTR protocol family
2024-06-25T21:15:24.399947+00:00 jkate kernel: fbcon: Taking over console
2024-06-25T21:15:24.400942+00:00 jkate kernel: Console: switching to colour frame buffer device 100x37
2024-06-25T21:35:43.180651+00:00 jkate kernel: loop0: detected capacity change from 0 to 8
2024-06-25T21:35:43.219101+00:00 jkate kernel: kauditd_printk_skb: 97 callbacks suppressed
2024-06-25T21:35:43.219139+00:00 jkate kernel: audit: type=1400 audit(1719351343.217:108): apparmor="STATUS" operation="profile_replace" info="same as current profile, skipping" profile="unconfined" name="/usr/lib/snapd/snap-confine" pid=17358 comm="apparmor_parser"
2024-06-25T21:35:43.220082+00:00 jkate kernel: audit: type=1400 audit(1719351343.218:109): apparmor="STATUS" operation="profile_replace" info="same as current profile, skipping" profile="unconfined" name="/usr/lib/snapd/snap-confine//mount-namespace-capture-helper" pid=17358 comm="apparmor_parser"
2024-06-26T11:45:13.007738+00:00 jkate kernel: audit: type=1400 audit(1719402313.003:110): apparmor="DENIED" operation="mknod" class="file" profile="ubuntu_pro_apt_news" name="/usr/lib/python3/dist-packages/uaclient/__pycache__/__init__.cpython-312.pyc.254851306344240" pid=233744 comm="python3" requested_mask="c" denied_mask="c" fsuid=0 ouid=0
2024-06-26T11:45:13.011022+00:00 jkate kernel: audit: type=1400 audit(1719402313.009:111): apparmor="DENIED" operation="mknod" class="file" profile="ubuntu_pro_apt_news" name="/usr/lib/python3/dist-packages/uaclient/__pycache__/apt.cpython-312.pyc.254851307928048" pid=233744 comm="python3" requested_mask="c" denied_mask="c" fsuid=0 ouid=0
2024-06-26T11:45:13.121060+00:00 jkate kernel: audit: type=1400 audit(1719402313.119:112): apparmor="DENIED" operation="mknod" class="file" profile="ubuntu_pro_apt_news" name="/usr/lib/python3/dist-packages/uaclient/__pycache__/event_logger.cpython-312.pyc.254851305447472" pid=233744 comm="python3" requested_mask="c" denied_mask="c" fsuid=0 ouid=0
2024-06-26T11:45:13.126024+00:00 jkate kernel: audit: type=1400 audit(1719402313.124:113): apparmor="DENIED" operation="mknod" class="file" profile="ubuntu_pro_apt_news" name="/usr/lib/python3/dist-packages/uaclient/__pycache__/yaml.cpython-312.pyc.254851293105328" pid=233744 comm="python3" requested_mask="c" denied_mask="c" fsuid=0 ouid=0
2024-06-26T11:45:13.131042+00:00 jkate kernel: audit: type=1400 audit(1719402313.129:114): apparmor="DENIED" operation="mknod" class="file" profile="ubuntu_pro_apt_news" name="/usr/lib/python3/dist-packages/uaclient/__pycache__/util.cpython-312.pyc.254851293105200" pid=233744 comm="python3" requested_mask="c" denied_mask="c" fsuid=0 ouid=0
2024-06-26T11:45:13.135126+00:00 jkate kernel: audit: type=1400 audit(1719402313.134:115): apparmor="DENIED" operation="mknod" class="file" profile="ubuntu_pro_apt_news" name="/usr/lib/python3/dist-packages/uaclient/__pycache__/exceptions.cpython-312.pyc.254851293105328" pid=233744 comm="python3" requested_mask="c" denied_mask="c" fsuid=0 ouid=0
2024-06-26T11:45:13.154074+00:00 jkate kernel: audit: type=1400 audit(1719402313.152:116): apparmor="DENIED" operation="mknod" class="file" profile="ubuntu_pro_apt_news" name="/usr/lib/python3/dist-packages/uaclient/messages/__pycache__/__init__.cpython-312.pyc.254851307772080" pid=233744 comm="python3" requested_mask="c" denied_mask="c" fsuid=0 ouid=0
2024-06-26T11:45:13.157011+00:00 jkate kernel: audit: type=1400 audit(1719402313.155:117): apparmor="DENIED" operation="mknod" class="file" profile="ubuntu_pro_apt_news" name="/usr/lib/python3/dist-packages/uaclient/__pycache__/types.cpython-312.pyc.254851285159984" pid=233744 comm="python3" requested_mask="c" denied_mask="c" fsuid=0 ouid=0
2024-06-26T11:45:13.173058+00:00 jkate kernel: audit: type=1400 audit(1719402313.171:118): apparmor="DENIED" operation="mknod" class="file" profile="ubuntu_pro_apt_news" name="/usr/lib/python3/dist-packages/uaclient/__pycache__/gpg.cpython-312.pyc.254851285853088" pid=233744 comm="python3" requested_mask="c" denied_mask="c" fsuid=0 ouid=0
2024-06-26T11:45:13.178042+00:00 jkate kernel: audit: type=1400 audit(1719402313.176:119): apparmor="DENIED" operation="mknod" class="file" profile="ubuntu_pro_apt_news" name="/usr/lib/python3/dist-packages/uaclient/__pycache__/system.cpython-312.pyc.254851285475888" pid=233744 comm="python3" requested_mask="c" denied_mask="c" fsuid=0 ouid=0
2024-06-26T13:31:24.407724+00:00 jkate kernel: EXT4-fs (dm-0): resizing filesystem from 7988224 to 15976448 blocks
2024-06-26T13:31:24.501933+00:00 jkate kernel: EXT4-fs (dm-0): resized filesystem to 15976448
2024-06-26T15:28:45.171386+00:00 jkate kernel: main: loading out-of-tree module taints kernel.
2024-06-26T15:28:45.171895+00:00 jkate kernel: main: module verification failed: signature and/or required key missing - tainting kernel
2024-06-26T15:28:45.179164+00:00 jkate kernel: Hello world 1.
2024-06-26T15:30:46.759386+00:00 jkate kernel: Goodbye world 1.
2024-06-26T15:30:52.249007+00:00 jkate kernel: Hello world !.
2024-06-26T15:31:09.935016+00:00 jkate kernel: Goodbye world 1.
2024-06-26T15:31:12.318032+00:00 jkate kernel: Hello world !.
2024-06-26T15:31:30.882984+00:00 jkate kernel: Goodbye world 1.
2024-06-26T15:31:32.934046+00:00 jkate kernel: Hello world !
2024-06-26T15:31:44.850971+00:00 jkate kernel: Goodbye world 1.
2024-06-26T15:32:36.436997+00:00 jkate kernel: Hello world !
2024-06-26T15:32:43.961019+00:00 jkate kernel: Cleaning up module.
2024-06-26T15:43:08.150664+00:00 jkate kernel: Booting Linux on physical CPU 0x0000000000 [0x610f0000]
2024-06-26T15:43:08.150668+00:00 jkate kernel: Linux version 6.10.0-rc5-00018-g55027e689933 (jkate@jkate) (gcc (Ubuntu 13.2.0-23ubuntu4) 13.2.0, GNU ld (GNU Binutils for Ubuntu) 2.42) #2 SMP PREEMPT_DYNAMIC Wed Jun 26 14:49:43 UTC 2024
2024-06-26T15:43:08.150668+00:00 jkate kernel: KASLR enabled
2024-06-26T15:43:08.150669+00:00 jkate kernel: efi: EFI v2.7 by EDK II
2024-06-26T15:43:08.150669+00:00 jkate kernel: efi: SMBIOS 3.0=0x13f810000 MEMATTR=0x13e802118 ACPI 2.0=0x13c150018 MOKvar=0x13c060000 INITRD=0x13c483698 RNG=0x13c15e698 MEMRESERVE=0x13c483218 
2024-06-26T15:43:08.150670+00:00 jkate kernel: random: crng init done
2024-06-26T15:43:08.150670+00:00 jkate kernel: ACPI: Early table checksum verification disabled
2024-06-26T15:43:08.150671+00:00 jkate kernel: ACPI: RSDP 0x000000013C150018 000024 (v02 BOCHS )
2024-06-26T15:43:08.150671+00:00 jkate kernel: ACPI: XSDT 0x000000013C15FE98 00006C (v01 BOCHS  BXPC     00000001      01000013)
2024-06-26T15:43:08.150672+00:00 jkate kernel: ACPI: FACP 0x000000013C15FA98 000114 (v06 BOCHS  BXPC     00000001 BXPC 00000001)
2024-06-26T15:43:08.150673+00:00 jkate kernel: ACPI: DSDT 0x000000013C157518 0014A2 (v02 BOCHS  BXPC     00000001 BXPC 00000001)
2024-06-26T15:43:08.150673+00:00 jkate kernel: ACPI: APIC 0x000000013C15FC18 00019C (v04 BOCHS  BXPC     00000001 BXPC 00000001)
2024-06-26T15:43:08.150673+00:00 jkate kernel: ACPI: PPTT 0x000000013C15D898 00009C (v02 BOCHS  BXPC     00000001 BXPC 00000001)
2024-06-26T15:43:08.150673+00:00 jkate kernel: ACPI: GTDT 0x000000013C15E818 000060 (v02 BOCHS  BXPC     00000001 BXPC 00000001)
2024-06-26T15:43:08.150674+00:00 jkate kernel: ACPI: MCFG 0x000000013C15E918 00003C (v01 BOCHS  BXPC     00000001 BXPC 00000001)
2024-06-26T15:43:08.150674+00:00 jkate kernel: ACPI: SPCR 0x000000013C15FF98 000050 (v02 BOCHS  BXPC     00000001 BXPC 00000001)
2024-06-26T15:43:08.150677+00:00 jkate kernel: ACPI: DBG2 0x000000013C15E418 000057 (v00 BOCHS  BXPC     00000001 BXPC 00000001)
2024-06-26T15:43:08.150994+00:00 jkate kernel: ACPI: IORT 0x000000013C15E718 000080 (v03 BOCHS  BXPC     00000001 BXPC 00000001)
2024-06-26T15:43:08.150994+00:00 jkate kernel: ACPI: BGRT 0x000000013C15E498 000038 (v01 INTEL  EDK2     00000002      01000013)
2024-06-26T15:43:08.150995+00:00 jkate kernel: ACPI: SPCR: console: pl011,mmio,0x9000000,9600
2024-06-26T15:43:08.150997+00:00 jkate kernel: NUMA: Failed to initialise from firmware
2024-06-26T15:43:08.150997+00:00 jkate kernel: NUMA: Faking a node at [mem 0x0000000040000000-0x000000013fffffff]
2024-06-26T15:43:08.150997+00:00 jkate kernel: NUMA: NODE_DATA [mem 0x13f654ac0-0x13f659fff]
2024-06-26T15:43:08.150998+00:00 jkate kernel: Zone ranges:
2024-06-26T15:43:08.150998+00:00 jkate kernel:   DMA      [mem 0x0000000040000000-0x00000000ffffffff]
2024-06-26T15:43:08.150999+00:00 jkate kernel:   DMA32    empty
2024-06-26T15:43:08.150999+00:00 jkate kernel:   Normal   [mem 0x0000000100000000-0x000000013fffffff]
2024-06-26T15:43:08.150999+00:00 jkate kernel:   Device   empty
2024-06-26T15:43:08.151000+00:00 jkate kernel: Movable zone start for each node
2024-06-26T15:43:08.151000+00:00 jkate kernel: Early memory node ranges
2024-06-26T15:43:08.151000+00:00 jkate kernel:   node   0: [mem 0x0000000040000000-0x000000013bcfffff]
2024-06-26T15:43:08.151000+00:00 jkate kernel:   node   0: [mem 0x000000013bd00000-0x000000013bffffff]
2024-06-26T15:43:08.151001+00:00 jkate kernel:   node   0: [mem 0x000000013c000000-0x000000013c05ffff]
2024-06-26T15:43:08.151003+00:00 jkate kernel:   node   0: [mem 0x000000013c060000-0x000000013c06ffff]
2024-06-26T15:43:08.151003+00:00 jkate kernel:   node   0: [mem 0x000000013c070000-0x000000013c15ffff]
2024-06-26T15:43:08.151003+00:00 jkate kernel:   node   0: [mem 0x000000013c160000-0x000000013c47ffff]
2024-06-26T15:43:08.151004+00:00 jkate kernel:   node   0: [mem 0x000000013c480000-0x000000013f75ffff]
2024-06-26T15:43:08.151005+00:00 jkate kernel:   node   0: [mem 0x000000013f760000-0x000000013f7effff]
2024-06-26T15:43:08.151005+00:00 jkate kernel:   node   0: [mem 0x000000013f7f0000-0x000000013f7fffff]
2024-06-26T15:43:08.151006+00:00 jkate kernel:   node   0: [mem 0x000000013f800000-0x000000013f91ffff]
2024-06-26T15:43:08.151006+00:00 jkate kernel:   node   0: [mem 0x000000013f920000-0x000000013fffffff]
2024-06-26T15:43:08.151007+00:00 jkate kernel: Initmem setup node 0 [mem 0x0000000040000000-0x000000013fffffff]
2024-06-26T15:43:08.151007+00:00 jkate kernel: cma: Reserved 32 MiB at 0x00000000e2000000 on node -1
2024-06-26T15:43:08.151008+00:00 jkate kernel: psci: probing for conduit method from ACPI.
2024-06-26T15:43:08.151009+00:00 jkate kernel: psci: PSCIv1.1 detected in firmware.
2024-06-26T15:43:08.151009+00:00 jkate kernel: psci: Using standard PSCI v0.2 function IDs
2024-06-26T15:43:08.151010+00:00 jkate kernel: psci: Trusted OS migration not required
2024-06-26T15:43:08.151010+00:00 jkate kernel: psci: SMC Calling Convention v1.0
2024-06-26T15:43:08.151010+00:00 jkate kernel: percpu: Embedded 56 pages/cpu s103848 r8192 d117336 u229376
2024-06-26T15:43:08.151010+00:00 jkate kernel: pcpu-alloc: s103848 r8192 d117336 u229376 alloc=56*4096
2024-06-26T15:43:08.151011+00:00 jkate kernel: pcpu-alloc: [0] 0 [0] 1 [0] 2 [0] 3 
2024-06-26T15:43:08.151011+00:00 jkate kernel: Detected PIPT I-cache on CPU0
2024-06-26T15:43:08.151012+00:00 jkate kernel: CPU features: detected: Address authentication (IMP DEF algorithm)
2024-06-26T15:43:08.151012+00:00 jkate kernel: CPU features: detected: Spectre-v4
2024-06-26T15:43:08.151013+00:00 jkate kernel: alternatives: applying boot alternatives
2024-06-26T15:43:08.151013+00:00 jkate kernel: Kernel command line: BOOT_IMAGE=/vmlinuz-6.10.0-rc5-00018-g55027e689933 root=/dev/mapper/ubuntu--vg-ubuntu--lv ro
2024-06-26T15:43:08.151013+00:00 jkate kernel: Unknown kernel command line parameters "BOOT_IMAGE=/vmlinuz-6.10.0-rc5-00018-g55027e689933", will be passed to user space.
2024-06-26T15:43:08.151014+00:00 jkate kernel: Dentry cache hash table entries: 524288 (order: 10, 4194304 bytes, linear)
2024-06-26T15:43:08.151014+00:00 jkate kernel: Inode-cache hash table entries: 262144 (order: 9, 2097152 bytes, linear)
2024-06-26T15:43:08.151015+00:00 jkate kernel: Fallback order for Node 0: 0 
2024-06-26T15:43:08.151015+00:00 jkate kernel: Built 1 zonelists, mobility grouping on.  Total pages: 1048576
2024-06-26T15:43:08.151015+00:00 jkate kernel: Policy zone: Normal
2024-06-26T15:43:08.151015+00:00 jkate kernel: mem auto-init: stack:all(zero), heap alloc:on, heap free:off
2024-06-26T15:43:08.151016+00:00 jkate kernel: software IO TLB: area num 4.
2024-06-26T15:43:08.151016+00:00 jkate kernel: software IO TLB: mapped [mem 0x00000000de000000-0x00000000e2000000] (64MB)
2024-06-26T15:43:08.151017+00:00 jkate kernel: Memory: 3218248K/4194304K available (22784K kernel code, 5274K rwdata, 9200K rodata, 12288K init, 1228K bss, 943288K reserved, 32768K cma-reserved)
2024-06-26T15:43:08.151017+00:00 jkate kernel: SLUB: HWalign=64, Order=0-3, MinObjects=0, CPUs=4, Nodes=1
2024-06-26T15:43:08.151017+00:00 jkate kernel: ftrace: allocating 59858 entries in 234 pages
2024-06-26T15:43:08.151017+00:00 jkate kernel: ftrace: allocated 234 pages with 5 groups
2024-06-26T15:43:08.151018+00:00 jkate kernel: trace event string verifier disabled
2024-06-26T15:43:08.151018+00:00 jkate kernel: Dynamic Preempt: voluntary
2024-06-26T15:43:08.151018+00:00 jkate kernel: rcu: Preemptible hierarchical RCU implementation.
2024-06-26T15:43:08.151019+00:00 jkate kernel: rcu: 	RCU restricting CPUs from NR_CPUS=512 to nr_cpu_ids=4.
2024-06-26T15:43:08.151019+00:00 jkate kernel: 	Trampoline variant of Tasks RCU enabled.
2024-06-26T15:43:08.151019+00:00 jkate kernel: 	Rude variant of Tasks RCU enabled.
2024-06-26T15:43:08.151019+00:00 jkate kernel: 	Tracing variant of Tasks RCU enabled.
2024-06-26T15:43:08.151019+00:00 jkate kernel: rcu: RCU calculated value of scheduler-enlistment delay is 100 jiffies.
2024-06-26T15:43:08.151020+00:00 jkate kernel: rcu: Adjusting geometry for rcu_fanout_leaf=16, nr_cpu_ids=4
2024-06-26T15:43:08.151020+00:00 jkate kernel: RCU Tasks: Setting shift to 2 and lim to 1 rcu_task_cb_adjust=1.
2024-06-26T15:43:08.151021+00:00 jkate kernel: RCU Tasks Rude: Setting shift to 2 and lim to 1 rcu_task_cb_adjust=1.
2024-06-26T15:43:08.151021+00:00 jkate kernel: RCU Tasks Trace: Setting shift to 2 and lim to 1 rcu_task_cb_adjust=1.
2024-06-26T15:43:08.151021+00:00 jkate kernel: NR_IRQS: 64, nr_irqs: 64, preallocated irqs: 0
2024-06-26T15:43:08.151021+00:00 jkate kernel: Root IRQ handler: gic_handle_irq
2024-06-26T15:43:08.151022+00:00 jkate kernel: GICv2m: ACPI overriding V2M MSI_TYPER (base:80, num:64)
2024-06-26T15:43:08.151022+00:00 jkate kernel: GICv2m: range[mem 0x08020000-0x08020fff], SPI[80:143]
2024-06-26T15:43:08.151022+00:00 jkate kernel: rcu: srcu_init: Setting srcu_struct sizes based on contention.
2024-06-26T15:43:08.151022+00:00 jkate kernel: arch_timer: cp15 timer(s) running at 24.00MHz (virt).
2024-06-26T15:43:08.151023+00:00 jkate kernel: clocksource: arch_sys_counter: mask: 0xffffffffffffff max_cycles: 0x588fe9dc0, max_idle_ns: 440795202592 ns
2024-06-26T15:43:08.151023+00:00 jkate kernel: sched_clock: 56 bits at 24MHz, resolution 41ns, wraps every 4398046511097ns
2024-06-26T15:43:08.151024+00:00 jkate kernel: Console: colour dummy device 80x25
2024-06-26T15:43:08.151024+00:00 jkate kernel: ACPI: Core revision 20240322
2024-06-26T15:43:08.151024+00:00 jkate kernel: Calibrating delay loop (skipped), value calculated using timer frequency.. 48.00 BogoMIPS (lpj=24000)
2024-06-26T15:43:08.151024+00:00 jkate kernel: pid_max: default: 4096 minimum: 301
2024-06-26T15:43:08.151024+00:00 jkate kernel: LSM: initializing lsm=lockdown,capability,landlock,yama,apparmor,ima,evm
2024-06-26T15:43:08.151025+00:00 jkate kernel: landlock: Up and running.
2024-06-26T15:43:08.151025+00:00 jkate kernel: Yama: becoming mindful.
2024-06-26T15:43:08.151026+00:00 jkate kernel: AppArmor: AppArmor initialized
2024-06-26T15:43:08.151026+00:00 jkate kernel: Mount-cache hash table entries: 8192 (order: 4, 65536 bytes, linear)
2024-06-26T15:43:08.151026+00:00 jkate kernel: Mountpoint-cache hash table entries: 8192 (order: 4, 65536 bytes, linear)
2024-06-26T15:43:08.151026+00:00 jkate kernel: rcu: Hierarchical SRCU implementation.
2024-06-26T15:43:08.151026+00:00 jkate kernel: rcu: 	Max phase no-delay instances is 400.
2024-06-26T15:43:08.151027+00:00 jkate kernel: Remapping and enabling EFI services.
2024-06-26T15:43:08.151027+00:00 jkate kernel: smp: Bringing up secondary CPUs ...
2024-06-26T15:43:08.151027+00:00 jkate kernel: Detected PIPT I-cache on CPU1
2024-06-26T15:43:08.151028+00:00 jkate kernel: CPU1: Booted secondary processor 0x0000000001 [0x610f0000]
2024-06-26T15:43:08.151028+00:00 jkate kernel: Detected PIPT I-cache on CPU2
2024-06-26T15:43:08.151028+00:00 jkate kernel: CPU2: Booted secondary processor 0x0000000002 [0x610f0000]
2024-06-26T15:43:08.151028+00:00 jkate kernel: Detected PIPT I-cache on CPU3
2024-06-26T15:43:08.151029+00:00 jkate kernel: CPU3: Booted secondary processor 0x0000000003 [0x610f0000]
2024-06-26T15:43:08.151047+00:00 jkate kernel: smp: Brought up 1 node, 4 CPUs
2024-06-26T15:43:08.151047+00:00 jkate kernel: SMP: Total of 4 processors activated.
2024-06-26T15:43:08.151047+00:00 jkate kernel: CPU: All CPU(s) started at EL1
2024-06-26T15:43:08.151047+00:00 jkate kernel: CPU features: detected: ARMv8.4 Translation Table Level
2024-06-26T15:43:08.151048+00:00 jkate kernel: CPU features: detected: Data cache clean to the PoU not required for I/D coherence
2024-06-26T15:43:08.151048+00:00 jkate kernel: CPU features: detected: Common not Private translations
2024-06-26T15:43:08.151049+00:00 jkate kernel: CPU features: detected: CRC32 instructions
2024-06-26T15:43:08.151049+00:00 jkate kernel: CPU features: detected: Data cache clean to Point of Deep Persistence
2024-06-26T15:43:08.151049+00:00 jkate kernel: CPU features: detected: Data cache clean to Point of Persistence
2024-06-26T15:43:08.151049+00:00 jkate kernel: CPU features: detected: Data independent timing control (DIT)
2024-06-26T15:43:08.151050+00:00 jkate kernel: CPU features: detected: E0PD
2024-06-26T15:43:08.151050+00:00 jkate kernel: CPU features: detected: Enhanced Privileged Access Never
2024-06-26T15:43:08.151050+00:00 jkate kernel: CPU features: detected: Fine Grained Traps
2024-06-26T15:43:08.151051+00:00 jkate kernel: CPU features: detected: Generic authentication (IMP DEF algorithm)
2024-06-26T15:43:08.151051+00:00 jkate kernel: CPU features: detected: RCpc load-acquire (LDAPR)
2024-06-26T15:43:08.151051+00:00 jkate kernel: CPU features: detected: LSE atomic instructions
2024-06-26T15:43:08.151051+00:00 jkate kernel: CPU features: detected: Privileged Access Never
2024-06-26T15:43:08.151051+00:00 jkate kernel: CPU features: detected: RAS Extension Support
2024-06-26T15:43:08.151052+00:00 jkate kernel: CPU features: detected: Speculation barrier (SB)
2024-06-26T15:43:08.151060+00:00 jkate kernel: CPU features: detected: TLB range maintenance instructions
2024-06-26T15:43:08.151060+00:00 jkate kernel: alternatives: applying system-wide alternatives
2024-06-26T15:43:08.151060+00:00 jkate kernel: devtmpfs: initialized
2024-06-26T15:43:08.151060+00:00 jkate kernel: setend instruction emulation is not supported on this system
2024-06-26T15:43:08.151061+00:00 jkate kernel: clocksource: jiffies: mask: 0xffffffff max_cycles: 0xffffffff, max_idle_ns: 1911260446275000 ns
2024-06-26T15:43:08.151061+00:00 jkate kernel: futex hash table entries: 16 (order: -2, 1024 bytes, linear)
2024-06-26T15:43:08.151061+00:00 jkate kernel: 2G module region forced by RANDOMIZE_MODULE_REGION_FULL
2024-06-26T15:43:08.151062+00:00 jkate kernel: 0 pages in range for non-PLT usage
2024-06-26T15:43:08.151062+00:00 jkate kernel: 511536 pages in range for PLT usage
2024-06-26T15:43:08.151062+00:00 jkate kernel: pinctrl core: initialized pinctrl subsystem
2024-06-26T15:43:08.151062+00:00 jkate kernel: SMBIOS 3.0.0 present.
2024-06-26T15:43:08.151063+00:00 jkate kernel: DMI: QEMU QEMU Virtual Machine, BIOS 0.0.0 02/06/2015
2024-06-26T15:43:08.151063+00:00 jkate kernel: DMI: Memory slots populated: 1/1
2024-06-26T15:43:08.151063+00:00 jkate kernel: NET: Registered PF_NETLINK/PF_ROUTE protocol family
2024-06-26T15:43:08.151064+00:00 jkate kernel: DMA: preallocated 512 KiB GFP_KERNEL pool for atomic allocations
2024-06-26T15:43:08.151064+00:00 jkate kernel: DMA: preallocated 512 KiB GFP_KERNEL|GFP_DMA pool for atomic allocations
2024-06-26T15:43:08.151064+00:00 jkate kernel: DMA: preallocated 512 KiB GFP_KERNEL|GFP_DMA32 pool for atomic allocations
2024-06-26T15:43:08.151064+00:00 jkate kernel: audit: initializing netlink subsys (disabled)
2024-06-26T15:43:08.151064+00:00 jkate kernel: audit: type=2000 audit(0.005:1): state=initialized audit_enabled=0 res=1
2024-06-26T15:43:08.151065+00:00 jkate kernel: thermal_sys: Registered thermal governor 'fair_share'
2024-06-26T15:43:08.151065+00:00 jkate kernel: thermal_sys: Registered thermal governor 'bang_bang'
2024-06-26T15:43:08.151066+00:00 jkate kernel: thermal_sys: Registered thermal governor 'step_wise'
2024-06-26T15:43:08.151066+00:00 jkate kernel: thermal_sys: Registered thermal governor 'user_space'
2024-06-26T15:43:08.151066+00:00 jkate kernel: thermal_sys: Registered thermal governor 'power_allocator'
2024-06-26T15:43:08.151066+00:00 jkate kernel: cpuidle: using governor ladder
2024-06-26T15:43:08.151067+00:00 jkate kernel: cpuidle: using governor menu
2024-06-26T15:43:08.151067+00:00 jkate kernel: hw-breakpoint: found 6 breakpoint and 4 watchpoint registers.
2024-06-26T15:43:08.151067+00:00 jkate kernel: ASID allocator initialised with 256 entries
2024-06-26T15:43:08.151067+00:00 jkate kernel: acpiphp: ACPI Hot Plug PCI Controller Driver version: 0.5
2024-06-26T15:43:08.151068+00:00 jkate kernel: Serial: AMBA PL011 UART driver
2024-06-26T15:43:08.151068+00:00 jkate kernel: HugeTLB: registered 1.00 GiB page size, pre-allocated 0 pages
2024-06-26T15:43:08.151068+00:00 jkate kernel: HugeTLB: 0 KiB vmemmap can be freed for a 1.00 GiB page
2024-06-26T15:43:08.151069+00:00 jkate kernel: HugeTLB: registered 32.0 MiB page size, pre-allocated 0 pages
2024-06-26T15:43:08.151069+00:00 jkate kernel: HugeTLB: 0 KiB vmemmap can be freed for a 32.0 MiB page
2024-06-26T15:43:08.151069+00:00 jkate kernel: HugeTLB: registered 2.00 MiB page size, pre-allocated 0 pages
2024-06-26T15:43:08.151069+00:00 jkate kernel: HugeTLB: 0 KiB vmemmap can be freed for a 2.00 MiB page
2024-06-26T15:43:08.151070+00:00 jkate kernel: HugeTLB: registered 64.0 KiB page size, pre-allocated 0 pages
2024-06-26T15:43:08.151070+00:00 jkate kernel: HugeTLB: 0 KiB vmemmap can be freed for a 64.0 KiB page
2024-06-26T15:43:08.151070+00:00 jkate kernel: Demotion targets for Node 0: null
2024-06-26T15:43:08.151071+00:00 jkate kernel: ACPI: Added _OSI(Module Device)
2024-06-26T15:43:08.151071+00:00 jkate kernel: ACPI: Added _OSI(Processor Device)
2024-06-26T15:43:08.151071+00:00 jkate kernel: ACPI: Added _OSI(3.0 _SCP Extensions)
2024-06-26T15:43:08.151071+00:00 jkate kernel: ACPI: Added _OSI(Processor Aggregator Device)
2024-06-26T15:43:08.151072+00:00 jkate kernel: ACPI: 1 ACPI AML tables successfully acquired and loaded
2024-06-26T15:43:08.151072+00:00 jkate kernel: ACPI: Interpreter enabled
2024-06-26T15:43:08.151072+00:00 jkate kernel: ACPI: Using GIC for interrupt routing
2024-06-26T15:43:08.151073+00:00 jkate kernel: ACPI: MCFG table detected, 1 entries
2024-06-26T15:43:08.151073+00:00 jkate kernel: ARMH0011:00: ttyAMA0 at MMIO 0x9000000 (irq = 12, base_baud = 0) is a SBSA
2024-06-26T15:43:08.151073+00:00 jkate kernel: printk: legacy console [ttyAMA0] enabled
2024-06-26T15:43:08.151073+00:00 jkate kernel: ACPI: PCI Root Bridge [PCI0] (domain 0000 [bus 00-ff])
2024-06-26T15:43:08.151073+00:00 jkate kernel: acpi PNP0A08:00: _OSC: OS supports [ExtendedConfig ASPM ClockPM Segments MSI EDR HPX-Type3]
2024-06-26T15:43:08.151074+00:00 jkate kernel: acpi PNP0A08:00: _OSC: platform does not support [LTR DPC]
2024-06-26T15:43:08.151074+00:00 jkate kernel: acpi PNP0A08:00: _OSC: OS now controls [PCIeHotplug SHPCHotplug PME AER PCIeCapability]
2024-06-26T15:43:08.151075+00:00 jkate kernel: acpi PNP0A08:00: ECAM area [mem 0x4010000000-0x401fffffff] reserved by PNP0C02:00
2024-06-26T15:43:08.151075+00:00 jkate kernel: acpi PNP0A08:00: ECAM at [mem 0x4010000000-0x401fffffff] for [bus 00-ff]
2024-06-26T15:43:08.151075+00:00 jkate kernel: ACPI: Remapped I/O 0x000000003eff0000 to [io  0x0000-0xffff window]
2024-06-26T15:43:08.151076+00:00 jkate kernel: PCI host bridge to bus 0000:00
2024-06-26T15:43:08.151079+00:00 jkate kernel: pci_bus 0000:00: root bus resource [mem 0x10000000-0x3efeffff window]
2024-06-26T15:43:08.151080+00:00 jkate kernel: pci_bus 0000:00: root bus resource [io  0x0000-0xffff window]
2024-06-26T15:43:08.151080+00:00 jkate kernel: pci_bus 0000:00: root bus resource [mem 0x8000000000-0xffffffffff window]
2024-06-26T15:43:08.151080+00:00 jkate kernel: pci_bus 0000:00: root bus resource [bus 00-ff]
2024-06-26T15:43:08.151080+00:00 jkate kernel: pci 0000:00:00.0: [1b36:0008] type 00 class 0x060000 conventional PCI endpoint
2024-06-26T15:43:08.151080+00:00 jkate kernel: pci 0000:00:01.0: [1af4:1000] type 00 class 0x020000 conventional PCI endpoint
2024-06-26T15:43:08.151081+00:00 jkate kernel: pci 0000:00:01.0: BAR 0 [io  0x00e0-0x00ff]
2024-06-26T15:43:08.151081+00:00 jkate kernel: pci 0000:00:01.0: BAR 1 [mem 0x10048000-0x10048fff]
2024-06-26T15:43:08.151081+00:00 jkate kernel: pci 0000:00:01.0: BAR 4 [mem 0x8000000000-0x8000003fff 64bit pref]
2024-06-26T15:43:08.151082+00:00 jkate kernel: pci 0000:00:01.0: ROM [mem 0xfffc0000-0xffffffff pref]
2024-06-26T15:43:08.151082+00:00 jkate kernel: pci 0000:00:02.0: [1af4:1050] type 00 class 0x038000 conventional PCI endpoint
2024-06-26T15:43:08.151082+00:00 jkate kernel: pci 0000:00:02.0: BAR 1 [mem 0x10047000-0x10047fff]
2024-06-26T15:43:08.151082+00:00 jkate kernel: pci 0000:00:02.0: BAR 4 [mem 0x8000004000-0x8000007fff 64bit pref]
2024-06-26T15:43:08.151083+00:00 jkate kernel: pci 0000:00:03.0: [8086:2668] type 00 class 0x040300 conventional PCI endpoint
2024-06-26T15:43:08.151083+00:00 jkate kernel: pci 0000:00:03.0: BAR 0 [mem 0x10040000-0x10043fff]
2024-06-26T15:43:08.151083+00:00 jkate kernel: pci 0000:00:04.0: [1033:0194] type 00 class 0x0c0330 PCIe Root Complex Integrated Endpoint
2024-06-26T15:43:08.151084+00:00 jkate kernel: pci 0000:00:04.0: BAR 0 [mem 0x8000018000-0x800001bfff 64bit]
2024-06-26T15:43:08.151084+00:00 jkate kernel: pci 0000:00:05.0: [1b36:000d] type 00 class 0x0c0330 PCIe Root Complex Integrated Endpoint
2024-06-26T15:43:08.151084+00:00 jkate kernel: pci 0000:00:05.0: BAR 0 [mem 0x8000014000-0x8000017fff 64bit]
2024-06-26T15:43:08.151087+00:00 jkate kernel: pci 0000:00:06.0: [1af4:1001] type 00 class 0x010000 conventional PCI endpoint
2024-06-26T15:43:08.151225+00:00 jkate kernel: pci 0000:00:06.0: BAR 0 [io  0x0000-0x007f]
2024-06-26T15:43:08.151226+00:00 jkate kernel: pci 0000:00:06.0: BAR 1 [mem 0x10046000-0x10046fff]
2024-06-26T15:43:08.151226+00:00 jkate kernel: pci 0000:00:06.0: BAR 4 [mem 0x8000008000-0x800000bfff 64bit pref]
2024-06-26T15:43:08.151226+00:00 jkate kernel: pci 0000:00:07.0: [1af4:1003] type 00 class 0x078000 conventional PCI endpoint
2024-06-26T15:43:08.151226+00:00 jkate kernel: pci 0000:00:07.0: BAR 0 [io  0x0080-0x00bf]
2024-06-26T15:43:08.151227+00:00 jkate kernel: pci 0000:00:07.0: BAR 1 [mem 0x10045000-0x10045fff]
2024-06-26T15:43:08.151227+00:00 jkate kernel: pci 0000:00:07.0: BAR 4 [mem 0x800000c000-0x800000ffff 64bit pref]
2024-06-26T15:43:08.151227+00:00 jkate kernel: pci 0000:00:08.0: [1af4:1005] type 00 class 0x00ff00 conventional PCI endpoint
2024-06-26T15:43:08.151227+00:00 jkate kernel: pci 0000:00:08.0: BAR 0 [io  0x00c0-0x00df]
2024-06-26T15:43:08.151228+00:00 jkate kernel: pci 0000:00:08.0: BAR 1 [mem 0x10044000-0x10044fff]
2024-06-26T15:43:08.151229+00:00 jkate kernel: pci 0000:00:08.0: BAR 4 [mem 0x8000010000-0x8000013fff 64bit pref]
2024-06-26T15:43:08.151229+00:00 jkate kernel: pci 0000:00:01.0: ROM [mem 0x10000000-0x1003ffff pref]: assigned
2024-06-26T15:43:08.151229+00:00 jkate kernel: pci 0000:00:01.0: BAR 4 [mem 0x8000000000-0x8000003fff 64bit pref]: assigned
2024-06-26T15:43:08.151279+00:00 jkate kernel: pci 0000:00:02.0: BAR 4 [mem 0x8000004000-0x8000007fff 64bit pref]: assigned
2024-06-26T15:43:08.151280+00:00 jkate kernel: pci 0000:00:03.0: BAR 0 [mem 0x10040000-0x10043fff]: assigned
2024-06-26T15:43:08.151280+00:00 jkate kernel: pci 0000:00:04.0: BAR 0 [mem 0x8000008000-0x800000bfff 64bit]: assigned
2024-06-26T15:43:08.151281+00:00 jkate kernel: pci 0000:00:05.0: BAR 0 [mem 0x800000c000-0x800000ffff 64bit]: assigned
2024-06-26T15:43:08.151281+00:00 jkate kernel: pci 0000:00:06.0: BAR 4 [mem 0x8000010000-0x8000013fff 64bit pref]: assigned
2024-06-26T15:43:08.151281+00:00 jkate kernel: pci 0000:00:07.0: BAR 4 [mem 0x8000014000-0x8000017fff 64bit pref]: assigned
2024-06-26T15:43:08.151282+00:00 jkate kernel: pci 0000:00:08.0: BAR 4 [mem 0x8000018000-0x800001bfff 64bit pref]: assigned
2024-06-26T15:43:08.151282+00:00 jkate kernel: pci 0000:00:01.0: BAR 1 [mem 0x10044000-0x10044fff]: assigned
2024-06-26T15:43:08.151284+00:00 jkate kernel: pci 0000:00:02.0: BAR 1 [mem 0x10045000-0x10045fff]: assigned
2024-06-26T15:43:08.151288+00:00 jkate kernel: pci 0000:00:06.0: BAR 1 [mem 0x10046000-0x10046fff]: assigned
2024-06-26T15:43:08.151288+00:00 jkate kernel: pci 0000:00:07.0: BAR 1 [mem 0x10047000-0x10047fff]: assigned
2024-06-26T15:43:08.151288+00:00 jkate kernel: pci 0000:00:08.0: BAR 1 [mem 0x10048000-0x10048fff]: assigned
2024-06-26T15:43:08.151289+00:00 jkate kernel: pci 0000:00:06.0: BAR 0 [io  0x1000-0x107f]: assigned
2024-06-26T15:43:08.151289+00:00 jkate kernel: pci 0000:00:07.0: BAR 0 [io  0x1080-0x10bf]: assigned
2024-06-26T15:43:08.151289+00:00 jkate kernel: pci 0000:00:01.0: BAR 0 [io  0x10c0-0x10df]: assigned
2024-06-26T15:43:08.151290+00:00 jkate kernel: pci 0000:00:08.0: BAR 0 [io  0x10e0-0x10ff]: assigned
2024-06-26T15:43:08.151290+00:00 jkate kernel: pci_bus 0000:00: resource 4 [mem 0x10000000-0x3efeffff window]
2024-06-26T15:43:08.151291+00:00 jkate kernel: pci_bus 0000:00: resource 5 [io  0x0000-0xffff window]
2024-06-26T15:43:08.151291+00:00 jkate kernel: pci_bus 0000:00: resource 6 [mem 0x8000000000-0xffffffffff window]
2024-06-26T15:43:08.151291+00:00 jkate kernel: ACPI: PCI: Interrupt link GSI0 configured for IRQ 35
2024-06-26T15:43:08.151291+00:00 jkate kernel: ACPI: PCI: Interrupt link GSI1 configured for IRQ 36
2024-06-26T15:43:08.151292+00:00 jkate kernel: ACPI: PCI: Interrupt link GSI2 configured for IRQ 37
2024-06-26T15:43:08.151293+00:00 jkate kernel: ACPI: PCI: Interrupt link GSI3 configured for IRQ 38
2024-06-26T15:43:08.151293+00:00 jkate kernel: iommu: Default domain type: Translated
2024-06-26T15:43:08.151293+00:00 jkate kernel: iommu: DMA domain TLB invalidation policy: strict mode
2024-06-26T15:43:08.151293+00:00 jkate kernel: SCSI subsystem initialized
2024-06-26T15:43:08.151294+00:00 jkate kernel: libata version 3.00 loaded.
2024-06-26T15:43:08.151294+00:00 jkate kernel: ACPI: bus type USB registered
2024-06-26T15:43:08.151296+00:00 jkate kernel: usbcore: registered new interface driver usbfs
2024-06-26T15:43:08.151296+00:00 jkate kernel: usbcore: registered new interface driver hub
2024-06-26T15:43:08.151296+00:00 jkate kernel: usbcore: registered new device driver usb
2024-06-26T15:43:08.151296+00:00 jkate kernel: pps_core: LinuxPPS API ver. 1 registered
2024-06-26T15:43:08.151297+00:00 jkate kernel: pps_core: Software ver. 5.3.6 - Copyright 2005-2007 Rodolfo Giometti <giometti@linux.it>
2024-06-26T15:43:08.151297+00:00 jkate kernel: PTP clock support registered
2024-06-26T15:43:08.151298+00:00 jkate kernel: EDAC MC: Ver: 3.0.0
2024-06-26T15:43:08.151298+00:00 jkate kernel: scmi_core: SCMI protocol bus registered
2024-06-26T15:43:08.151299+00:00 jkate kernel: efivars: Registered efivars operations
2024-06-26T15:43:08.151299+00:00 jkate kernel: NetLabel: Initializing
2024-06-26T15:43:08.151299+00:00 jkate kernel: NetLabel:  domain hash size = 128
2024-06-26T15:43:08.151299+00:00 jkate kernel: NetLabel:  protocols = UNLABELED CIPSOv4 CALIPSO
2024-06-26T15:43:08.151301+00:00 jkate kernel: NetLabel:  unlabeled traffic allowed by default
2024-06-26T15:43:08.151302+00:00 jkate kernel: mctp: management component transport protocol core
2024-06-26T15:43:08.151302+00:00 jkate kernel: NET: Registered PF_MCTP protocol family
2024-06-26T15:43:08.151302+00:00 jkate kernel: vgaarb: loaded
2024-06-26T15:43:08.151302+00:00 jkate kernel: clocksource: Switched to clocksource arch_sys_counter
2024-06-26T15:43:08.151303+00:00 jkate kernel: VFS: Disk quotas dquot_6.6.0
2024-06-26T15:43:08.151303+00:00 jkate kernel: VFS: Dquot-cache hash table entries: 512 (order 0, 4096 bytes)
2024-06-26T15:43:08.151304+00:00 jkate kernel: AppArmor: AppArmor Filesystem Enabled
2024-06-26T15:43:08.151304+00:00 jkate kernel: pnp: PnP ACPI init
2024-06-26T15:43:08.151304+00:00 jkate kernel: system 00:00: [mem 0x4010000000-0x401fffffff window] could not be reserved
2024-06-26T15:43:08.151305+00:00 jkate kernel: pnp: PnP ACPI: found 1 devices
2024-06-26T15:43:08.151305+00:00 jkate kernel: NET: Registered PF_INET protocol family
2024-06-26T15:43:08.151305+00:00 jkate kernel: IP idents hash table entries: 65536 (order: 7, 524288 bytes, linear)
2024-06-26T15:43:08.151305+00:00 jkate kernel: tcp_listen_portaddr_hash hash table entries: 2048 (order: 3, 32768 bytes, linear)
2024-06-26T15:43:08.151306+00:00 jkate kernel: Table-perturb hash table entries: 65536 (order: 6, 262144 bytes, linear)
2024-06-26T15:43:08.151307+00:00 jkate kernel: TCP established hash table entries: 32768 (order: 6, 262144 bytes, linear)
2024-06-26T15:43:08.151307+00:00 jkate kernel: TCP bind hash table entries: 32768 (order: 8, 1048576 bytes, linear)
2024-06-26T15:43:08.151307+00:00 jkate kernel: TCP: Hash tables configured (established 32768 bind 32768)
2024-06-26T15:43:08.151307+00:00 jkate kernel: MPTCP token hash table entries: 4096 (order: 4, 98304 bytes, linear)
2024-06-26T15:43:08.151308+00:00 jkate kernel: UDP hash table entries: 2048 (order: 4, 65536 bytes, linear)
2024-06-26T15:43:08.151308+00:00 jkate kernel: UDP-Lite hash table entries: 2048 (order: 4, 65536 bytes, linear)
2024-06-26T15:43:08.151309+00:00 jkate kernel: NET: Registered PF_UNIX/PF_LOCAL protocol family
2024-06-26T15:43:08.151309+00:00 jkate kernel: NET: Registered PF_XDP protocol family
2024-06-26T15:43:08.151309+00:00 jkate kernel: pci 0000:00:04.0: enabling device (0000 -> 0002)
2024-06-26T15:43:08.151309+00:00 jkate kernel: pci 0000:00:05.0: enabling device (0000 -> 0002)
2024-06-26T15:43:08.151310+00:00 jkate kernel: PCI: CLS 0 bytes, default 64
2024-06-26T15:43:08.151310+00:00 jkate kernel: Trying to unpack rootfs image as initramfs...
2024-06-26T15:43:08.151311+00:00 jkate kernel: kvm [1]: HYP mode not available
2024-06-26T15:43:08.151311+00:00 jkate kernel: Initialise system trusted keyrings
2024-06-26T15:43:08.151311+00:00 jkate kernel: Key type blacklist registered
2024-06-26T15:43:08.151311+00:00 jkate kernel: workingset: timestamp_bits=40 max_order=20 bucket_order=0
2024-06-26T15:43:08.151312+00:00 jkate kernel: zbud: loaded
2024-06-26T15:43:08.151312+00:00 jkate kernel: squashfs: version 4.0 (2009/01/31) Phillip Lougher
2024-06-26T15:43:08.151313+00:00 jkate kernel: fuse: init (API version 7.40)
2024-06-26T15:43:08.151314+00:00 jkate kernel: integrity: Platform Keyring initialized
2024-06-26T15:43:08.151314+00:00 jkate kernel: integrity: Machine keyring initialized
2024-06-26T15:43:08.151314+00:00 jkate kernel: Key type asymmetric registered
2024-06-26T15:43:08.151314+00:00 jkate kernel: Asymmetric key parser 'x509' registered
2024-06-26T15:43:08.151314+00:00 jkate kernel: Block layer SCSI generic (bsg) driver version 0.4 loaded (major 242)
2024-06-26T15:43:08.151315+00:00 jkate kernel: io scheduler mq-deadline registered
2024-06-26T15:43:08.151316+00:00 jkate kernel: shpchp: Standard Hot Plug PCI Controller Driver version: 0.4
2024-06-26T15:43:08.151316+00:00 jkate kernel: input: Power Button as /devices/LNXSYSTM:00/LNXSYBUS:00/PNP0C0C:00/input/input0
2024-06-26T15:43:08.151316+00:00 jkate kernel: ACPI: button: Power Button [PWRB]
2024-06-26T15:43:08.151316+00:00 jkate kernel: ACPI: \_SB_.PCI0.GSI1: Enabled at IRQ 36
2024-06-26T15:43:08.151317+00:00 jkate kernel: virtio-pci 0000:00:01.0: enabling device (0000 -> 0003)
2024-06-26T15:43:08.151317+00:00 jkate kernel: ACPI: \_SB_.PCI0.GSI2: Enabled at IRQ 37
2024-06-26T15:43:08.151318+00:00 jkate kernel: virtio-pci 0000:00:06.0: enabling device (0005 -> 0007)
2024-06-26T15:43:08.151319+00:00 jkate kernel: ACPI: \_SB_.PCI0.GSI3: Enabled at IRQ 38
2024-06-26T15:43:08.151319+00:00 jkate kernel: virtio-pci 0000:00:07.0: enabling device (0000 -> 0003)
2024-06-26T15:43:08.151319+00:00 jkate kernel: ACPI: \_SB_.PCI0.GSI0: Enabled at IRQ 35
2024-06-26T15:43:08.151319+00:00 jkate kernel: virtio-pci 0000:00:08.0: enabling device (0005 -> 0007)
2024-06-26T15:43:08.151320+00:00 jkate kernel: Serial: 8250/16550 driver, 32 ports, IRQ sharing enabled
2024-06-26T15:43:08.151320+00:00 jkate kernel: msm_serial: driver initialized
2024-06-26T15:43:08.151321+00:00 jkate kernel: SuperH (H)SCI(F) driver initialized
2024-06-26T15:43:08.151321+00:00 jkate kernel: ACPI: bus type drm_connector registered
2024-06-26T15:43:08.151321+00:00 jkate kernel: loop: module loaded
2024-06-26T15:43:08.151321+00:00 jkate kernel: virtio_blk virtio2: 4/0/0 default/read/poll queues
2024-06-26T15:43:08.151322+00:00 jkate kernel: virtio_blk virtio2: [vda] 134217728 512-byte logical blocks (68.7 GB/64.0 GiB)
2024-06-26T15:43:08.151323+00:00 jkate kernel:  vda: vda1 vda2 vda3
2024-06-26T15:43:08.151323+00:00 jkate kernel: tun: Universal TUN/TAP device driver, 1.6
2024-06-26T15:43:08.151323+00:00 jkate kernel: PPP generic driver version 2.4.2
2024-06-26T15:43:08.151323+00:00 jkate kernel: mousedev: PS/2 mouse device common for all mice
2024-06-26T15:43:08.151324+00:00 jkate kernel: rtc-efi rtc-efi.0: registered as rtc0
2024-06-26T15:43:08.151324+00:00 jkate kernel: rtc-efi rtc-efi.0: setting system clock to 2024-06-26T15:43:06 UTC (1719416586)
2024-06-26T15:43:08.151324+00:00 jkate kernel: i2c_dev: i2c /dev entries driver
2024-06-26T15:43:08.151325+00:00 jkate kernel: device-mapper: core: CONFIG_IMA_DISABLE_HTABLE is disabled. Duplicate IMA measurements will not be recorded in the IMA log.
2024-06-26T15:43:08.151325+00:00 jkate kernel: device-mapper: uevent: version 1.0.3
2024-06-26T15:43:08.151326+00:00 jkate kernel: device-mapper: ioctl: 4.48.0-ioctl (2023-03-01) initialised: dm-devel@lists.linux.dev
2024-06-26T15:43:08.151326+00:00 jkate kernel: ledtrig-cpu: registered to indicate activity on CPUs
2024-06-26T15:43:08.151326+00:00 jkate kernel: [drm] Initialized simpledrm 1.0.0 20200625 for simple-framebuffer.0 on minor 0
2024-06-26T15:43:08.151326+00:00 jkate kernel: fbcon: Deferring console take-over
2024-06-26T15:43:08.151327+00:00 jkate kernel: simple-framebuffer simple-framebuffer.0: [drm] fb0: simpledrmdrmfb frame buffer device
2024-06-26T15:43:08.151328+00:00 jkate kernel: drop_monitor: Initializing network drop monitor service
2024-06-26T15:43:08.151328+00:00 jkate kernel: NET: Registered PF_INET6 protocol family
2024-06-26T15:43:08.151328+00:00 jkate kernel: Freeing initrd memory: 736860K
2024-06-26T15:43:08.151328+00:00 jkate kernel: Segment Routing with IPv6
2024-06-26T15:43:08.151329+00:00 jkate kernel: In-situ OAM (IOAM) with IPv6
2024-06-26T15:43:08.151330+00:00 jkate kernel: NET: Registered PF_PACKET protocol family
2024-06-26T15:43:08.151330+00:00 jkate kernel: Key type dns_resolver registered
2024-06-26T15:43:08.151350+00:00 jkate kernel: Timer migration: 1 hierarchy levels; 8 children per group; 1 crossnode level
2024-06-26T15:43:08.151350+00:00 jkate kernel: registered taskstats version 1
2024-06-26T15:43:08.151351+00:00 jkate kernel: Loading compiled-in X.509 certificates
2024-06-26T15:43:08.151351+00:00 jkate kernel: Loaded X.509 cert 'Build time autogenerated kernel key: 7ba3400cc776527875ca79041ae6dfc278d40e68'
2024-06-26T15:43:08.151351+00:00 jkate kernel: Demotion targets for Node 0: null
2024-06-26T15:43:08.151352+00:00 jkate kernel: Key type .fscrypt registered
2024-06-26T15:43:08.151352+00:00 jkate kernel: Key type fscrypt-provisioning registered
2024-06-26T15:43:08.151353+00:00 jkate kernel: Key type encrypted registered
2024-06-26T15:43:08.151353+00:00 jkate kernel: AppArmor: AppArmor sha256 policy hashing enabled
2024-06-26T15:43:08.151353+00:00 jkate kernel: integrity: Loading X.509 certificate: UEFI:db
2024-06-26T15:43:08.151353+00:00 jkate kernel: integrity: Loaded X.509 cert 'Microsoft Windows Production PCA 2011: a92902398e16c49778cd90f99e4f9ae17c55af53'
2024-06-26T15:43:08.151354+00:00 jkate kernel: integrity: Loading X.509 certificate: UEFI:db
2024-06-26T15:43:08.151355+00:00 jkate kernel: integrity: Loaded X.509 cert 'Microsoft Corporation UEFI CA 2011: 13adbf4309bd82709c8cd54f316ed522988a1bd4'
2024-06-26T15:43:08.151355+00:00 jkate kernel: ima: secureboot mode disabled
2024-06-26T15:43:08.151355+00:00 jkate kernel: ima: No TPM chip found, activating TPM-bypass!
2024-06-26T15:43:08.151355+00:00 jkate kernel: Loading compiled-in module X.509 certificates
2024-06-26T15:43:08.151356+00:00 jkate kernel: Loaded X.509 cert 'Build time autogenerated kernel key: 7ba3400cc776527875ca79041ae6dfc278d40e68'
2024-06-26T15:43:08.151357+00:00 jkate kernel: ima: Allocated hash algorithm: sha256
2024-06-26T15:43:08.151357+00:00 jkate kernel: ima: No architecture policies found
2024-06-26T15:43:08.151357+00:00 jkate kernel: evm: Initialising EVM extended attributes:
2024-06-26T15:43:08.151357+00:00 jkate kernel: evm: security.selinux
2024-06-26T15:43:08.151358+00:00 jkate kernel: evm: security.SMACK64
2024-06-26T15:43:08.151358+00:00 jkate kernel: evm: security.SMACK64EXEC
2024-06-26T15:43:08.151358+00:00 jkate kernel: evm: security.SMACK64TRANSMUTE
2024-06-26T15:43:08.151359+00:00 jkate kernel: evm: security.SMACK64MMAP
2024-06-26T15:43:08.151359+00:00 jkate kernel: evm: security.apparmor
2024-06-26T15:43:08.151359+00:00 jkate kernel: evm: security.ima
2024-06-26T15:43:08.151360+00:00 jkate kernel: evm: security.capability
2024-06-26T15:43:08.151360+00:00 jkate kernel: evm: HMAC attrs: 0x1
2024-06-26T15:43:08.151360+00:00 jkate kernel: hid_bpf: error while preloading HID BPF dispatcher: -22
2024-06-26T15:43:08.151361+00:00 jkate kernel: clk: Disabling unused clocks
2024-06-26T15:43:08.151361+00:00 jkate kernel: PM: genpd: Disabling unused power domains
2024-06-26T15:43:08.151362+00:00 jkate kernel: Freeing unused kernel memory: 12288K
2024-06-26T15:43:08.151362+00:00 jkate kernel: Checked W+X mappings: passed, no W+X pages found
2024-06-26T15:43:08.151362+00:00 jkate kernel: Run /init as init process
2024-06-26T15:43:08.151362+00:00 jkate kernel:   with arguments:
2024-06-26T15:43:08.151363+00:00 jkate kernel:     /init
2024-06-26T15:43:08.151363+00:00 jkate kernel:   with environment:
2024-06-26T15:43:08.151364+00:00 jkate kernel:     HOME=/
2024-06-26T15:43:08.151364+00:00 jkate kernel:     TERM=linux
2024-06-26T15:43:08.151364+00:00 jkate kernel:     BOOT_IMAGE=/vmlinuz-6.10.0-rc5-00018-g55027e689933
2024-06-26T15:43:08.151364+00:00 jkate kernel: virtio_net virtio0 enp0s1: renamed from eth0
2024-06-26T15:43:08.151365+00:00 jkate kernel: xhci_hcd 0000:00:04.0: xHCI Host Controller
2024-06-26T15:43:08.151366+00:00 jkate kernel: xhci_hcd 0000:00:04.0: new USB bus registered, assigned bus number 1
2024-06-26T15:43:08.151366+00:00 jkate kernel: [drm] pci: virtio-gpu-pci detected at 0000:00:02.0
2024-06-26T15:43:08.151366+00:00 jkate kernel: [drm] features: -virgl +edid -resource_blob -host_visible
2024-06-26T15:43:08.151366+00:00 jkate kernel: [drm] features: -context_init
2024-06-26T15:43:08.151366+00:00 jkate kernel: [drm] number of scanouts: 1
2024-06-26T15:43:08.151367+00:00 jkate kernel: [drm] number of cap sets: 0
2024-06-26T15:43:08.151368+00:00 jkate kernel: [drm] Initialized virtio_gpu 0.1.0 0 for 0000:00:02.0 on minor 1
2024-06-26T15:43:08.151368+00:00 jkate kernel: xhci_hcd 0000:00:04.0: hcc params 0x00080001 hci version 0x100 quirks 0x0000000000000014
2024-06-26T15:43:08.151368+00:00 jkate kernel: fbcon: Deferring console take-over
2024-06-26T15:43:08.151368+00:00 jkate kernel: xhci_hcd 0000:00:04.0: xHCI Host Controller
2024-06-26T15:43:08.151369+00:00 jkate kernel: virtio-pci 0000:00:02.0: [drm] fb1: virtio_gpudrmfb frame buffer device
2024-06-26T15:43:08.151369+00:00 jkate kernel: xhci_hcd 0000:00:04.0: new USB bus registered, assigned bus number 2
2024-06-26T15:43:08.151369+00:00 jkate kernel: xhci_hcd 0000:00:04.0: Host supports USB 3.0 SuperSpeed
2024-06-26T15:43:08.151370+00:00 jkate kernel: usb usb1: New USB device found, idVendor=1d6b, idProduct=0002, bcdDevice= 6.10
2024-06-26T15:43:08.151370+00:00 jkate kernel: usb usb1: New USB device strings: Mfr=3, Product=2, SerialNumber=1
2024-06-26T15:43:08.151371+00:00 jkate kernel: usb usb1: Product: xHCI Host Controller
2024-06-26T15:43:08.151372+00:00 jkate kernel: usb usb1: Manufacturer: Linux 6.10.0-rc5-00018-g55027e689933 xhci-hcd
2024-06-26T15:43:08.151373+00:00 jkate kernel: usb usb1: SerialNumber: 0000:00:04.0
2024-06-26T15:43:08.151373+00:00 jkate kernel: hub 1-0:1.0: USB hub found
2024-06-26T15:43:08.151376+00:00 jkate kernel: hub 1-0:1.0: 4 ports detected
