[    0.000000] Booting Linux on physical CPU 0x0000000000 [0x610f0000]
[    0.000000] Linux version 6.10.0-rc5-next-20240626 (root@jkate) (gcc (Ubuntu 13.2.0-23ubuntu4) 13.2.0, GNU ld (GNU Binutils for Ubuntu) 2.42) #2 SMP PREEMPT_DYNAMIC Sat Jun 29 22:51:34 UTC 2024
[    0.000000] KASLR enabled
[    0.000000] efi: EFI v2.7 by EDK II
[    0.000000] efi: SMBIOS 3.0=0x13f810000 MEMATTR=0x13e802118 ACPI 2.0=0x13c150018 MOKvar=0x13c060000 INITRD=0x13c483318 RNG=0x13c15e698 MEMRESERVE=0x13c483618 
[    0.000000] random: crng init done
[    0.000000] ACPI: Early table checksum verification disabled
[    0.000000] ACPI: RSDP 0x000000013C150018 000024 (v02 BOCHS )
[    0.000000] ACPI: XSDT 0x000000013C15FE98 00006C (v01 BOCHS  BXPC     00000001      01000013)
[    0.000000] ACPI: FACP 0x000000013C15FA98 000114 (v06 BOCHS  BXPC     00000001 BXPC 00000001)
[    0.000000] ACPI: DSDT 0x000000013C157518 0014A2 (v02 BOCHS  BXPC     00000001 BXPC 00000001)
[    0.000000] ACPI: APIC 0x000000013C15FC18 00019C (v04 BOCHS  BXPC     00000001 BXPC 00000001)
[    0.000000] ACPI: PPTT 0x000000013C15D898 00009C (v02 BOCHS  BXPC     00000001 BXPC 00000001)
[    0.000000] ACPI: GTDT 0x000000013C15E818 000060 (v02 BOCHS  BXPC     00000001 BXPC 00000001)
[    0.000000] ACPI: MCFG 0x000000013C15E918 00003C (v01 BOCHS  BXPC     00000001 BXPC 00000001)
[    0.000000] ACPI: SPCR 0x000000013C15FF98 000050 (v02 BOCHS  BXPC     00000001 BXPC 00000001)
[    0.000000] ACPI: DBG2 0x000000013C15E418 000057 (v00 BOCHS  BXPC     00000001 BXPC 00000001)
[    0.000000] ACPI: IORT 0x000000013C15E718 000080 (v03 BOCHS  BXPC     00000001 BXPC 00000001)
[    0.000000] ACPI: BGRT 0x000000013C15E498 000038 (v01 INTEL  EDK2     00000002      01000013)
[    0.000000] ACPI: SPCR: console: pl011,mmio,0x9000000,9600
[    0.000000] NUMA: Failed to initialise from firmware
[    0.000000] NUMA: Faking a node at [mem 0x0000000040000000-0x000000013fffffff]
[    0.000000] NUMA: NODE_DATA [mem 0x13f655a80-0x13f65afff]
[    0.000000] Zone ranges:
[    0.000000]   DMA      [mem 0x0000000040000000-0x00000000ffffffff]
[    0.000000]   DMA32    empty
[    0.000000]   Normal   [mem 0x0000000100000000-0x000000013fffffff]
[    0.000000]   Device   empty
[    0.000000] Movable zone start for each node
[    0.000000] Early memory node ranges
[    0.000000]   node   0: [mem 0x0000000040000000-0x000000013bcfffff]
[    0.000000]   node   0: [mem 0x000000013bd00000-0x000000013bffffff]
[    0.000000]   node   0: [mem 0x000000013c000000-0x000000013c05ffff]
[    0.000000]   node   0: [mem 0x000000013c060000-0x000000013c06ffff]
[    0.000000]   node   0: [mem 0x000000013c070000-0x000000013c15ffff]
[    0.000000]   node   0: [mem 0x000000013c160000-0x000000013c47ffff]
[    0.000000]   node   0: [mem 0x000000013c480000-0x000000013f75ffff]
[    0.000000]   node   0: [mem 0x000000013f760000-0x000000013f7effff]
[    0.000000]   node   0: [mem 0x000000013f7f0000-0x000000013f7fffff]
[    0.000000]   node   0: [mem 0x000000013f800000-0x000000013f91ffff]
[    0.000000]   node   0: [mem 0x000000013f920000-0x000000013fffffff]
[    0.000000] Initmem setup node 0 [mem 0x0000000040000000-0x000000013fffffff]
[    0.000000] cma: Reserved 32 MiB at 0x00000000fe000000 on node -1
[    0.000000] psci: probing for conduit method from ACPI.
[    0.000000] psci: PSCIv1.1 detected in firmware.
[    0.000000] psci: Using standard PSCI v0.2 function IDs
[    0.000000] psci: Trusted OS migration not required
[    0.000000] psci: SMC Calling Convention v1.0
[    0.000000] percpu: Embedded 56 pages/cpu s103896 r8192 d117288 u229376
[    0.000000] pcpu-alloc: s103896 r8192 d117288 u229376 alloc=56*4096
[    0.000000] pcpu-alloc: [0] 0 [0] 1 [0] 2 [0] 3 
[    0.000000] Detected PIPT I-cache on CPU0
[    0.000000] CPU features: detected: Address authentication (IMP DEF algorithm)
[    0.000000] CPU features: detected: Spectre-v4
[    0.000000] alternatives: applying boot alternatives
[    0.000000] Kernel command line: BOOT_IMAGE=/vmlinuz-6.10.0-rc5-next-20240626 root=/dev/mapper/ubuntu--vg-ubuntu--lv ro
[    0.000000] Unknown kernel command line parameters "BOOT_IMAGE=/vmlinuz-6.10.0-rc5-next-20240626", will be passed to user space.
[    0.000000] Dentry cache hash table entries: 524288 (order: 10, 4194304 bytes, linear)
[    0.000000] Inode-cache hash table entries: 262144 (order: 9, 2097152 bytes, linear)
[    0.000000] Fallback order for Node 0: 0 
[    0.000000] Built 1 zonelists, mobility grouping on.  Total pages: 1048576
[    0.000000] Policy zone: Normal
[    0.000000] mem auto-init: stack:all(zero), heap alloc:on, heap free:off
[    0.000000] software IO TLB: area num 4.
[    0.000000] software IO TLB: mapped [mem 0x00000000fa000000-0x00000000fe000000] (64MB)
[    0.000000] SLUB: HWalign=64, Order=0-3, MinObjects=0, CPUs=4, Nodes=1
[    0.000000] ftrace: allocating 60097 entries in 235 pages
[    0.000000] ftrace: allocated 235 pages with 6 groups
[    0.000000] trace event string verifier disabled
[    0.000000] Dynamic Preempt: voluntary
[    0.000000] rcu: Preemptible hierarchical RCU implementation.
[    0.000000] rcu: 	RCU restricting CPUs from NR_CPUS=512 to nr_cpu_ids=4.
[    0.000000] 	Trampoline variant of Tasks RCU enabled.
[    0.000000] 	Rude variant of Tasks RCU enabled.
[    0.000000] 	Tracing variant of Tasks RCU enabled.
[    0.000000] rcu: RCU calculated value of scheduler-enlistment delay is 100 jiffies.
[    0.000000] rcu: Adjusting geometry for rcu_fanout_leaf=16, nr_cpu_ids=4
[    0.000000] RCU Tasks: Setting shift to 2 and lim to 1 rcu_task_cb_adjust=1.
[    0.000000] RCU Tasks Rude: Setting shift to 2 and lim to 1 rcu_task_cb_adjust=1.
[    0.000000] RCU Tasks Trace: Setting shift to 2 and lim to 1 rcu_task_cb_adjust=1.
[    0.000000] NR_IRQS: 64, nr_irqs: 64, preallocated irqs: 0
[    0.000000] Root IRQ handler: gic_handle_irq
[    0.000000] GICv2m: ACPI overriding V2M MSI_TYPER (base:80, num:64)
[    0.000000] GICv2m: range[mem 0x08020000-0x08020fff], SPI[80:143]
[    0.000000] rcu: srcu_init: Setting srcu_struct sizes based on contention.
[    0.000000] arch_timer: cp15 timer(s) running at 24.00MHz (virt).
[    0.000000] clocksource: arch_sys_counter: mask: 0xffffffffffffff max_cycles: 0x588fe9dc0, max_idle_ns: 440795202592 ns
[    0.000000] sched_clock: 56 bits at 24MHz, resolution 41ns, wraps every 4398046511097ns
[    0.000039] Console: colour dummy device 80x25
[    0.000051] ACPI: Core revision 20240322
[    0.000066] Calibrating delay loop (skipped), value calculated using timer frequency.. 48.00 BogoMIPS (lpj=24000)
[    0.000067] pid_max: default: 4096 minimum: 301
[    0.000083] LSM: initializing lsm=lockdown,capability,landlock,yama,apparmor,ima,evm
[    0.000086] landlock: Up and running.
[    0.000086] Yama: becoming mindful.
[    0.000098] AppArmor: AppArmor initialized
[    0.000116] Mount-cache hash table entries: 8192 (order: 4, 65536 bytes, linear)
[    0.000117] Mountpoint-cache hash table entries: 8192 (order: 4, 65536 bytes, linear)
[    0.000302] rcu: Hierarchical SRCU implementation.
[    0.000303] rcu: 	Max phase no-delay instances is 400.
[    0.000427] Remapping and enabling EFI services.
[    0.000497] smp: Bringing up secondary CPUs ...
[    0.000638] Detected PIPT I-cache on CPU1
[    0.000714] CPU1: Booted secondary processor 0x0000000001 [0x610f0000]
[    0.000911] Detected PIPT I-cache on CPU2
[    0.001012] CPU2: Booted secondary processor 0x0000000002 [0x610f0000]
[    0.001288] Detected PIPT I-cache on CPU3
[    0.001434] CPU3: Booted secondary processor 0x0000000003 [0x610f0000]
[    0.001546] smp: Brought up 1 node, 4 CPUs
[    0.001548] SMP: Total of 4 processors activated.
[    0.001548] CPU: All CPU(s) started at EL1
[    0.001550] CPU features: detected: ARMv8.4 Translation Table Level
[    0.001551] CPU features: detected: Data cache clean to the PoU not required for I/D coherence
[    0.001551] CPU features: detected: Common not Private translations
[    0.001552] CPU features: detected: CRC32 instructions
[    0.001552] CPU features: detected: Data cache clean to Point of Deep Persistence
[    0.001552] CPU features: detected: Data cache clean to Point of Persistence
[    0.001552] CPU features: detected: Data independent timing control (DIT)
[    0.001553] CPU features: detected: E0PD
[    0.001553] CPU features: detected: Enhanced Privileged Access Never
[    0.001553] CPU features: detected: Fine Grained Traps
[    0.001554] CPU features: detected: Generic authentication (IMP DEF algorithm)
[    0.001554] CPU features: detected: RCpc load-acquire (LDAPR)
[    0.001555] CPU features: detected: LSE atomic instructions
[    0.001555] CPU features: detected: Privileged Access Never
[    0.001555] CPU features: detected: RAS Extension Support
[    0.001555] CPU features: detected: Speculation barrier (SB)
[    0.001556] CPU features: detected: TLB range maintenance instructions
[    0.001630] alternatives: applying system-wide alternatives
[    0.001959] Memory: 3932800K/4194304K available (22848K kernel code, 5300K rwdata, 9200K rodata, 12352K init, 1183K bss, 220084K reserved, 32768K cma-reserved)
[    0.002232] devtmpfs: initialized
[    0.002545] setend instruction emulation is not supported on this system
[    0.002602] clocksource: jiffies: mask: 0xffffffff max_cycles: 0xffffffff, max_idle_ns: 1911260446275000 ns
[    0.002604] futex hash table entries: 16 (order: -2, 1024 bytes, linear)
[    0.002661] 2G module region forced by RANDOMIZE_MODULE_REGION_FULL
[    0.002662] 0 pages in range for non-PLT usage
[    0.002662] 511504 pages in range for PLT usage
[    0.002687] pinctrl core: initialized pinctrl subsystem
[    0.002743] SMBIOS 3.0.0 present.
[    0.002744] DMI: QEMU QEMU Virtual Machine, BIOS 0.0.0 02/06/2015
[    0.002747] DMI: Memory slots populated: 1/1
[    0.003539] NET: Registered PF_NETLINK/PF_ROUTE protocol family
[    0.005175] DMA: preallocated 512 KiB GFP_KERNEL pool for atomic allocations
[    0.005250] DMA: preallocated 512 KiB GFP_KERNEL|GFP_DMA pool for atomic allocations
[    0.005358] DMA: preallocated 512 KiB GFP_KERNEL|GFP_DMA32 pool for atomic allocations
[    0.005365] audit: initializing netlink subsys (disabled)
[    0.005517] audit: type=2000 audit(0.005:1): state=initialized audit_enabled=0 res=1
[    0.005571] thermal_sys: Registered thermal governor 'fair_share'
[    0.005571] thermal_sys: Registered thermal governor 'bang_bang'
[    0.005572] thermal_sys: Registered thermal governor 'step_wise'
[    0.005572] thermal_sys: Registered thermal governor 'user_space'
[    0.005572] thermal_sys: Registered thermal governor 'power_allocator'
[    0.005636] cpuidle: using governor ladder
[    0.005696] cpuidle: using governor menu
[    0.005715] hw-breakpoint: found 6 breakpoint and 4 watchpoint registers.
[    0.005878] ASID allocator initialised with 256 entries
[    0.005923] acpiphp: ACPI Hot Plug PCI Controller Driver version: 0.5
[    0.005969] Serial: AMBA PL011 UART driver
[    0.006488] HugeTLB: registered 1.00 GiB page size, pre-allocated 0 pages
[    0.006489] HugeTLB: 0 KiB vmemmap can be freed for a 1.00 GiB page
[    0.006489] HugeTLB: registered 32.0 MiB page size, pre-allocated 0 pages
[    0.006490] HugeTLB: 0 KiB vmemmap can be freed for a 32.0 MiB page
[    0.006490] HugeTLB: registered 2.00 MiB page size, pre-allocated 0 pages
[    0.006490] HugeTLB: 0 KiB vmemmap can be freed for a 2.00 MiB page
[    0.006490] HugeTLB: registered 64.0 KiB page size, pre-allocated 0 pages
[    0.006491] HugeTLB: 0 KiB vmemmap can be freed for a 64.0 KiB page
[    0.006696] Demotion targets for Node 0: null
[    0.007147] ACPI: Added _OSI(Module Device)
[    0.007148] ACPI: Added _OSI(Processor Device)
[    0.007148] ACPI: Added _OSI(3.0 _SCP Extensions)
[    0.007148] ACPI: Added _OSI(Processor Aggregator Device)
[    0.007340] ACPI: 1 ACPI AML tables successfully acquired and loaded
[    0.009370] ACPI: Interpreter enabled
[    0.009371] ACPI: Using GIC for interrupt routing
[    0.009397] ACPI: MCFG table detected, 1 entries
[    0.009959] ARMH0011:00: ttyAMA0 at MMIO 0x9000000 (irq = 12, base_baud = 0) is a SBSA
[    0.009962] printk: legacy console [ttyAMA0] enabled
[    0.077160] ACPI: PCI Root Bridge [PCI0] (domain 0000 [bus 00-ff])
[    0.077642] acpi PNP0A08:00: _OSC: OS supports [ExtendedConfig ASPM ClockPM Segments MSI EDR HPX-Type3]
[    0.078286] acpi PNP0A08:00: _OSC: platform does not support [LTR DPC]
[    0.078678] acpi PNP0A08:00: _OSC: OS now controls [PCIeHotplug SHPCHotplug PME AER PCIeCapability]
[    0.079342] acpi PNP0A08:00: ECAM area [mem 0x4010000000-0x401fffffff] reserved by PNP0C02:00
[    0.079783] acpi PNP0A08:00: ECAM at [mem 0x4010000000-0x401fffffff] for [bus 00-ff]
[    0.080250] ACPI: Remapped I/O 0x000000003eff0000 to [io  0x0000-0xffff window]
[    0.080789] PCI host bridge to bus 0000:00
[    0.081120] pci_bus 0000:00: root bus resource [mem 0x10000000-0x3efeffff window]
[    0.081548] pci_bus 0000:00: root bus resource [io  0x0000-0xffff window]
[    0.081949] pci_bus 0000:00: root bus resource [mem 0x8000000000-0xffffffffff window]
[    0.082440] pci_bus 0000:00: root bus resource [bus 00-ff]
[    0.082781] pci 0000:00:00.0: [1b36:0008] type 00 class 0x060000 conventional PCI endpoint
[    0.083613] pci 0000:00:01.0: [1af4:1000] type 00 class 0x020000 conventional PCI endpoint
[    0.084135] pci 0000:00:01.0: BAR 0 [io  0x00e0-0x00ff]
[    0.084465] pci 0000:00:01.0: BAR 1 [mem 0x10048000-0x10048fff]
[    0.084934] pci 0000:00:01.0: BAR 4 [mem 0x8000000000-0x8000003fff 64bit pref]
[    0.085414] pci 0000:00:01.0: ROM [mem 0xfffc0000-0xffffffff pref]
[    0.086081] pci 0000:00:02.0: [1af4:1050] type 00 class 0x038000 conventional PCI endpoint
[    0.086983] pci 0000:00:02.0: BAR 1 [mem 0x10047000-0x10047fff]
[    0.087864] pci 0000:00:02.0: BAR 4 [mem 0x8000004000-0x8000007fff 64bit pref]
[    0.088759] pci 0000:00:03.0: [8086:2668] type 00 class 0x040300 conventional PCI endpoint
[    0.089336] pci 0000:00:03.0: BAR 0 [mem 0x10040000-0x10043fff]
[    0.089948] pci 0000:00:04.0: [1033:0194] type 00 class 0x0c0330 PCIe Root Complex Integrated Endpoint
[    0.090511] pci 0000:00:04.0: BAR 0 [mem 0x8000018000-0x800001bfff 64bit]
[    0.091228] pci 0000:00:05.0: [1b36:000d] type 00 class 0x0c0330 PCIe Root Complex Integrated Endpoint
[    0.091812] pci 0000:00:05.0: BAR 0 [mem 0x8000014000-0x8000017fff 64bit]
[    0.092602] pci 0000:00:06.0: [1af4:1001] type 00 class 0x010000 conventional PCI endpoint
[    0.093211] pci 0000:00:06.0: BAR 0 [io  0x0000-0x007f]
[    0.093646] pci 0000:00:06.0: BAR 1 [mem 0x10046000-0x10046fff]
[    0.094302] pci 0000:00:06.0: BAR 4 [mem 0x8000008000-0x800000bfff 64bit pref]
[    0.095069] pci 0000:00:07.0: [1af4:1003] type 00 class 0x078000 conventional PCI endpoint
[    0.095560] pci 0000:00:07.0: BAR 0 [io  0x0080-0x00bf]
[    0.095924] pci 0000:00:07.0: BAR 1 [mem 0x10045000-0x10045fff]
[    0.096320] pci 0000:00:07.0: BAR 4 [mem 0x800000c000-0x800000ffff 64bit pref]
[    0.097013] pci 0000:00:08.0: [1af4:1005] type 00 class 0x00ff00 conventional PCI endpoint
[    0.097634] pci 0000:00:08.0: BAR 0 [io  0x00c0-0x00df]
[    0.098149] pci 0000:00:08.0: BAR 1 [mem 0x10044000-0x10044fff]
[    0.098707] pci 0000:00:08.0: BAR 4 [mem 0x8000010000-0x8000013fff 64bit pref]
[    0.099866] pci 0000:00:01.0: ROM [mem 0x10000000-0x1003ffff pref]: assigned
[    0.100330] pci 0000:00:01.0: BAR 4 [mem 0x8000000000-0x8000003fff 64bit pref]: assigned
[    0.100816] pci 0000:00:02.0: BAR 4 [mem 0x8000004000-0x8000007fff 64bit pref]: assigned
[    0.101438] pci 0000:00:03.0: BAR 0 [mem 0x10040000-0x10043fff]: assigned
[    0.101831] pci 0000:00:04.0: BAR 0 [mem 0x8000008000-0x800000bfff 64bit]: assigned
[    0.102318] pci 0000:00:05.0: BAR 0 [mem 0x800000c000-0x800000ffff 64bit]: assigned
[    0.102894] pci 0000:00:06.0: BAR 4 [mem 0x8000010000-0x8000013fff 64bit pref]: assigned
[    0.103432] pci 0000:00:07.0: BAR 4 [mem 0x8000014000-0x8000017fff 64bit pref]: assigned
[    0.103900] pci 0000:00:08.0: BAR 4 [mem 0x8000018000-0x800001bfff 64bit pref]: assigned
[    0.104444] pci 0000:00:01.0: BAR 1 [mem 0x10044000-0x10044fff]: assigned
[    0.104853] pci 0000:00:02.0: BAR 1 [mem 0x10045000-0x10045fff]: assigned
[    0.105509] pci 0000:00:06.0: BAR 1 [mem 0x10046000-0x10046fff]: assigned
[    0.105892] pci 0000:00:07.0: BAR 1 [mem 0x10047000-0x10047fff]: assigned
[    0.106303] pci 0000:00:08.0: BAR 1 [mem 0x10048000-0x10048fff]: assigned
[    0.106803] pci 0000:00:06.0: BAR 0 [io  0x1000-0x107f]: assigned
[    0.107212] pci 0000:00:07.0: BAR 0 [io  0x1080-0x10bf]: assigned
[    0.107545] pci 0000:00:01.0: BAR 0 [io  0x10c0-0x10df]: assigned
[    0.107898] pci 0000:00:08.0: BAR 0 [io  0x10e0-0x10ff]: assigned
[    0.108276] pci_bus 0000:00: resource 4 [mem 0x10000000-0x3efeffff window]
[    0.108643] pci_bus 0000:00: resource 5 [io  0x0000-0xffff window]
[    0.109018] pci_bus 0000:00: resource 6 [mem 0x8000000000-0xffffffffff window]
[    0.109402] ACPI: PCI: Interrupt link GSI0 configured for IRQ 35
[    0.109726] ACPI: PCI: Interrupt link GSI1 configured for IRQ 36
[    0.110086] ACPI: PCI: Interrupt link GSI2 configured for IRQ 37
[    0.110429] ACPI: PCI: Interrupt link GSI3 configured for IRQ 38
[    0.110981] iommu: Default domain type: Translated
[    0.111371] iommu: DMA domain TLB invalidation policy: strict mode
[    0.112048] SCSI subsystem initialized
[    0.112383] libata version 3.00 loaded.
[    0.112528] ACPI: bus type USB registered
[    0.112796] usbcore: registered new interface driver usbfs
[    0.113139] usbcore: registered new interface driver hub
[    0.113502] usbcore: registered new device driver usb
[    0.113810] pps_core: LinuxPPS API ver. 1 registered
[    0.114113] pps_core: Software ver. 5.3.6 - Copyright 2005-2007 Rodolfo Giometti <giometti@linux.it>
[    0.114728] PTP clock support registered
[    0.115150] EDAC MC: Ver: 3.0.0
[    0.115562] scmi_core: SCMI protocol bus registered
[    0.115925] efivars: Registered efivars operations
[    0.118840] NetLabel: Initializing
[    0.119110] NetLabel:  domain hash size = 128
[    0.119434] NetLabel:  protocols = UNLABELED CIPSOv4 CALIPSO
[    0.119787] NetLabel:  unlabeled traffic allowed by default
[    0.120233] mctp: management component transport protocol core
[    0.120628] NET: Registered PF_MCTP protocol family
[    0.121782] vgaarb: loaded
[    0.122123] clocksource: Switched to clocksource arch_sys_counter
[    0.122666] VFS: Disk quotas dquot_6.6.0
[    0.122829] VFS: Dquot-cache hash table entries: 512 (order 0, 4096 bytes)
[    0.122993] AppArmor: AppArmor Filesystem Enabled
[    0.123075] pnp: PnP ACPI init
[    0.123162] system 00:00: [mem 0x4010000000-0x401fffffff window] could not be reserved
[    0.123291] pnp: PnP ACPI: found 1 devices
[    0.126465] NET: Registered PF_INET protocol family
[    0.126629] IP idents hash table entries: 65536 (order: 7, 524288 bytes, linear)
[    0.127835] tcp_listen_portaddr_hash hash table entries: 2048 (order: 3, 32768 bytes, linear)
[    0.127974] Table-perturb hash table entries: 65536 (order: 6, 262144 bytes, linear)
[    0.128101] TCP established hash table entries: 32768 (order: 6, 262144 bytes, linear)
[    0.128306] TCP bind hash table entries: 32768 (order: 8, 1048576 bytes, linear)
[    0.128447] TCP: Hash tables configured (established 32768 bind 32768)
[    0.128566] MPTCP token hash table entries: 4096 (order: 4, 98304 bytes, linear)
[    0.128688] UDP hash table entries: 2048 (order: 4, 65536 bytes, linear)
[    0.128798] UDP-Lite hash table entries: 2048 (order: 4, 65536 bytes, linear)
[    0.129090] NET: Registered PF_UNIX/PF_LOCAL protocol family
[    0.129229] NET: Registered PF_XDP protocol family
[    0.129354] pci 0000:00:04.0: enabling device (0000 -> 0002)
[    0.129494] pci 0000:00:05.0: enabling device (0000 -> 0002)
[    0.129639] PCI: CLS 0 bytes, default 64
[    0.129738] Trying to unpack rootfs image as initramfs...
[    0.131244] kvm [1]: HYP mode not available
[    0.131395] Initialise system trusted keyrings
[    0.131473] Key type blacklist registered
[    0.131622] workingset: timestamp_bits=40 max_order=20 bucket_order=0
[    0.131757] zbud: loaded
[    0.131911] squashfs: version 4.0 (2009/01/31) Phillip Lougher
[    0.132180] fuse: init (API version 7.40)
[    0.132454] integrity: Platform Keyring initialized
[    0.132724] integrity: Machine keyring initialized
[    0.137909] Key type asymmetric registered
[    0.137977] Asymmetric key parser 'x509' registered
[    0.138065] Block layer SCSI generic (bsg) driver version 0.4 loaded (major 242)
[    0.138349] io scheduler mq-deadline registered
[    0.138933] shpchp: Standard Hot Plug PCI Controller Driver version: 0.4
[    0.139541] input: Power Button as /devices/LNXSYSTM:00/LNXSYBUS:00/PNP0C0C:00/input/input0
[    0.139917] ACPI: button: Power Button [PWRB]
[    0.146390] ACPI: \_SB_.PCI0.GSI1: Enabled at IRQ 36
[    0.146488] virtio-pci 0000:00:01.0: enabling device (0000 -> 0003)
[    0.146969] ACPI: \_SB_.PCI0.GSI2: Enabled at IRQ 37
[    0.147200] virtio-pci 0000:00:06.0: enabling device (0005 -> 0007)
[    0.147534] ACPI: \_SB_.PCI0.GSI3: Enabled at IRQ 38
[    0.147617] virtio-pci 0000:00:07.0: enabling device (0000 -> 0003)
[    0.148017] ACPI: \_SB_.PCI0.GSI0: Enabled at IRQ 35
[    0.148100] virtio-pci 0000:00:08.0: enabling device (0005 -> 0007)
[    0.148664] Serial: 8250/16550 driver, 32 ports, IRQ sharing enabled
[    0.151110] msm_serial: driver initialized
[    0.151321] SuperH (H)SCI(F) driver initialized
[    0.152994] ACPI: bus type drm_connector registered
[    0.154436] loop: module loaded
[    0.154603] virtio_blk virtio2: 4/0/0 default/read/poll queues
[    0.155320] virtio_blk virtio2: [vda] 268435456 512-byte logical blocks (137 GB/128 GiB)
[    0.156889]  vda: vda1 vda2 vda3
[    0.157746] tun: Universal TUN/TAP device driver, 1.6
[    0.159308] PPP generic driver version 2.4.2
[    0.159789] mousedev: PS/2 mouse device common for all mice
[    0.160346] rtc-efi rtc-efi.0: registered as rtc0
[    0.160597] rtc-efi rtc-efi.0: setting system clock to 2024-06-29T23:12:05 UTC (1719702725)
[    0.161020] i2c_dev: i2c /dev entries driver
[    0.161077] Freeing initrd memory: 13532K
[    0.161331] device-mapper: core: CONFIG_IMA_DISABLE_HTABLE is disabled. Duplicate IMA measurements will not be recorded in the IMA log.
[    0.162331] device-mapper: uevent: version 1.0.3
[    0.162691] device-mapper: ioctl: 4.48.0-ioctl (2023-03-01) initialised: dm-devel@lists.linux.dev
[    0.163545] ledtrig-cpu: registered to indicate activity on CPUs
[    0.164228] [drm] Initialized simpledrm 1.0.0 for simple-framebuffer.0 on minor 0
[    0.164965] fbcon: Deferring console take-over
[    0.165262] simple-framebuffer simple-framebuffer.0: [drm] fb0: simpledrmdrmfb frame buffer device
[    0.166088] drop_monitor: Initializing network drop monitor service
[    0.166703] NET: Registered PF_INET6 protocol family
[    0.171712] Segment Routing with IPv6
[    0.171956] In-situ OAM (IOAM) with IPv6
[    0.172339] NET: Registered PF_PACKET protocol family
[    0.172917] Key type dns_resolver registered
[    0.173968] Timer migration: 1 hierarchy levels; 8 children per group; 1 crossnode level
[    0.174722] registered taskstats version 1
[    0.175371] Loading compiled-in X.509 certificates
[    0.176003] Loaded X.509 cert 'Build time autogenerated kernel key: fbca1015bf3b099881ea2c7f76e4114ea627db68'
[    0.178091] Demotion targets for Node 0: null
[    0.178500] Key type .fscrypt registered
[    0.178764] Key type fscrypt-provisioning registered
[    0.184413] Key type encrypted registered
[    0.184623] AppArmor: AppArmor sha256 policy hashing enabled
[    0.185091] integrity: Loading X.509 certificate: UEFI:db
[    0.185508] integrity: Loaded X.509 cert 'Microsoft Windows Production PCA 2011: a92902398e16c49778cd90f99e4f9ae17c55af53'
[    0.186078] integrity: Loading X.509 certificate: UEFI:db
[    0.186492] integrity: Loaded X.509 cert 'Microsoft Corporation UEFI CA 2011: 13adbf4309bd82709c8cd54f316ed522988a1bd4'
[    0.187386] ima: secureboot mode disabled
[    0.187592] ima: No TPM chip found, activating TPM-bypass!
[    0.187943] Loading compiled-in module X.509 certificates
[    0.188590] Loaded X.509 cert 'Build time autogenerated kernel key: fbca1015bf3b099881ea2c7f76e4114ea627db68'
[    0.189120] ima: Allocated hash algorithm: sha256
[    0.189547] ima: No architecture policies found
[    0.189756] evm: Initialising EVM extended attributes:
[    0.190055] evm: security.selinux
[    0.190289] evm: security.SMACK64
[    0.190485] evm: security.SMACK64EXEC
[    0.190728] evm: security.SMACK64TRANSMUTE
[    0.190952] evm: security.SMACK64MMAP
[    0.191243] evm: security.apparmor
[    0.191464] evm: security.ima
[    0.191625] evm: security.capability
[    0.191810] evm: HMAC attrs: 0x1
[    0.192375] clk: Disabling unused clocks
[    0.192661] PM: genpd: Disabling unused power domains
[    0.193998] Freeing unused kernel memory: 12352K
[    0.198089] Checked W+X mappings: passed, no W+X pages found
[    0.198669] Run /init as init process
[    0.198922]   with arguments:
[    0.198923]     /init
[    0.198924]   with environment:
[    0.198924]     HOME=/
[    0.198925]     TERM=linux
[    0.198925]     BOOT_IMAGE=/vmlinuz-6.10.0-rc5-next-20240626
[    0.300226] virtio_net virtio0 enp0s1: renamed from eth0
[    0.404719] EXT4-fs (dm-0): mounted filesystem 15543dbe-658d-4759-90f1-8ecc27892866 ro with ordered data mode. Quota mode: none.
[    0.459822] systemd[1]: Failed to find module 'autofs4'
[    0.463649] systemd[1]: systemd 255.4-1ubuntu8 running in system mode (+PAM +AUDIT +SELINUX +APPARMOR +IMA +SMACK +SECCOMP +GCRYPT -GNUTLS +OPENSSL +ACL +BLKID +CURL +ELFUTILS +FIDO2 +IDN2 -IDN +IPTC +KMOD +LIBCRYPTSETUP +LIBFDISK +PCRE2 -PWQUALITY +P11KIT +QRENCODE +TPM2 +BZIP2 +LZ4 +XZ +ZLIB +ZSTD -BPF_FRAMEWORK -XKBCOMMON +UTMP +SYSVINIT default-hierarchy=unified)
[    0.465644] systemd[1]: Detected virtualization qemu.
[    0.465980] systemd[1]: Detected architecture arm64.
[    0.467314] systemd[1]: Hostname set to <jkate>.
[    0.583741] systemd[1]: Configuration file /run/systemd/system/systemd-networkd-wait-online.service.d/10-netplan.conf is marked world-inaccessible. This has no effect as configuration data is accessible via APIs without restrictions. Proceeding anyway.
[    0.585632] systemd[1]: Configuration file /run/systemd/system/netplan-ovs-cleanup.service is marked world-inaccessible. This has no effect as configuration data is accessible via APIs without restrictions. Proceeding anyway.
[    0.622876] systemd[1]: Queued start job for default target graphical.target.
[    0.638576] systemd[1]: Created slice system-modprobe.slice - Slice /system/modprobe.
[    0.639450] systemd[1]: Created slice system-serial\x2dgetty.slice - Slice /system/serial-getty.
[    0.640416] systemd[1]: Created slice system-systemd\x2dfsck.slice - Slice /system/systemd-fsck.
[    0.641282] systemd[1]: Created slice user.slice - User and Session Slice.
[    0.641902] systemd[1]: Started systemd-ask-password-wall.path - Forward Password Requests to Wall Directory Watch.
[    0.642827] systemd[1]: Starting of proc-sys-fs-binfmt_misc.automount - Arbitrary Executable File Formats File System Automount Point unsupported.
[    0.643562] systemd[1]: Expecting device dev-disk-by\x2duuid-0D4B\x2d871B.device - /dev/disk/by-uuid/0D4B-871B...
[    0.643874] systemd[1]: Expecting device dev-disk-by\x2duuid-6298703b\x2d9af5\x2d4277\x2d8af2\x2dc450670fc36b.device - /dev/disk/by-uuid/6298703b-9af5-4277-8af2-c450670fc36b...
[    0.644283] systemd[1]: Expecting device dev-ttyAMA0.device - /dev/ttyAMA0...
[    0.644523] systemd[1]: Reached target integritysetup.target - Local Integrity Protected Volumes.
[    0.644835] systemd[1]: Reached target slices.target - Slice Units.
[    0.645059] systemd[1]: Reached target snapd.mounts-pre.target - Mounting snaps.
[    0.645355] systemd[1]: Reached target snapd.mounts.target - Mounted snaps.
[    0.645606] systemd[1]: Reached target veritysetup.target - Local Verity Protected Volumes.
[    0.645924] systemd[1]: Listening on dm-event.socket - Device-mapper event daemon FIFOs.
[    0.646286] systemd[1]: Listening on lvm2-lvmpolld.socket - LVM2 poll daemon socket.
[    0.646581] systemd[1]: Listening on multipathd.socket - multipathd control socket.
[    0.646877] systemd[1]: Listening on syslog.socket - Syslog Socket.
[    0.647121] systemd[1]: Listening on systemd-fsckd.socket - fsck to fsckd communication Socket.
[    0.647516] systemd[1]: Listening on systemd-initctl.socket - initctl Compatibility Named Pipe.
[    0.647840] systemd[1]: Listening on systemd-journald-dev-log.socket - Journal Socket (/dev/log).
[    0.648209] systemd[1]: Listening on systemd-journald.socket - Journal Socket.
[    0.648500] systemd[1]: Listening on systemd-networkd.socket - Network Service Netlink Socket.
[    0.648804] systemd[1]: systemd-pcrextend.socket - TPM2 PCR Extension (Varlink) was skipped because of an unmet condition check (ConditionSecurity=measured-uki).
[    0.649067] systemd[1]: Listening on systemd-udevd-control.socket - udev Control Socket.
[    0.649412] systemd[1]: Listening on systemd-udevd-kernel.socket - udev Kernel Socket.
[    0.650079] systemd[1]: Mounting dev-hugepages.mount - Huge Pages File System...
[    0.650735] systemd[1]: Mounting dev-mqueue.mount - POSIX Message Queue File System...
[    0.651374] systemd[1]: Mounting sys-kernel-debug.mount - Kernel Debug File System...
[    0.652584] systemd[1]: Mounting sys-kernel-tracing.mount - Kernel Trace File System...
[    0.653827] systemd[1]: Starting keyboard-setup.service - Set the console keyboard layout...
[    0.654999] systemd[1]: kmod-static-nodes.service - Create List of Static Device Nodes was skipped because of an unmet condition check (ConditionFileNotEmpty=/lib/modules/6.10.0-rc5-next-20240626/modules.devname).
[    0.657207] systemd[1]: Starting lvm2-monitor.service - Monitoring of LVM2 mirrors, snapshots etc. using dmeventd or progress polling...
[    0.660252] systemd[1]: Starting modprobe@configfs.service - Load Kernel Module configfs...
[    0.662680] systemd[1]: Starting modprobe@dm_mod.service - Load Kernel Module dm_mod...
[    0.664093] systemd[1]: Starting modprobe@drm.service - Load Kernel Module drm...
[    0.665387] systemd[1]: Starting modprobe@efi_pstore.service - Load Kernel Module efi_pstore...
[    0.667101] systemd[1]: Starting modprobe@fuse.service - Load Kernel Module fuse...
[    0.670496] systemd[1]: Starting modprobe@loop.service - Load Kernel Module loop...
[    0.671649] systemd[1]: netplan-ovs-cleanup.service - OpenVSwitch configuration for cleanup was skipped because of an unmet condition check (ConditionFileIsExecutable=/usr/bin/ovs-vsctl).
[    0.673105] systemd[1]: systemd-fsck-root.service - File System Check on Root Device was skipped because of an unmet condition check (ConditionPathExists=!/run/initramfs/fsck-root).
[    0.675008] systemd[1]: Starting systemd-journald.service - Journal Service...
[    0.675839] systemd[1]: Starting systemd-modules-load.service - Load Kernel Modules...
[    0.676242] systemd[1]: systemd-pcrmachine.service - TPM2 PCR Machine ID Measurement was skipped because of an unmet condition check (ConditionSecurity=measured-uki).
[    0.677575] systemd[1]: Starting systemd-remount-fs.service - Remount Root and Kernel File Systems...
[    0.680778] systemd[1]: Starting systemd-tmpfiles-setup-dev-early.service - Create Static Device Nodes in /dev gracefully...
[    0.681893] systemd[1]: systemd-tpm2-setup-early.service - TPM2 SRK Setup (Early) was skipped because of an unmet condition check (ConditionSecurity=measured-uki).
[    0.683640] systemd[1]: Starting systemd-udev-trigger.service - Coldplug All udev Devices...
[    0.683737] systemd-journald[330]: Collecting audit messages is disabled.
[    0.685082] systemd[1]: Mounted dev-hugepages.mount - Huge Pages File System.
[    0.685291] EXT4-fs (dm-0): re-mounted 15543dbe-658d-4759-90f1-8ecc27892866 r/w. Quota mode: none.
[    0.686615] systemd[1]: Mounted dev-mqueue.mount - POSIX Message Queue File System.
[    0.687584] systemd[1]: Mounted sys-kernel-debug.mount - Kernel Debug File System.
[    0.688390] systemd[1]: Mounted sys-kernel-tracing.mount - Kernel Trace File System.
[    0.689300] systemd[1]: Finished keyboard-setup.service - Set the console keyboard layout.
[    0.690287] systemd[1]: Finished lvm2-monitor.service - Monitoring of LVM2 mirrors, snapshots etc. using dmeventd or progress polling.
[    0.691153] systemd[1]: Started systemd-journald.service - Journal Service.
[    0.709385] Adding 3992572k swap on /swap.img.  Priority:-2 extents:3 across:4262908k 
[    0.714317] systemd-journald[330]: Received client request to flush runtime journal.
[    0.721330] systemd-journald[330]: /var/log/journal/d06594e1205e48ba983d223220c01054/system.journal: Journal file uses a different sequence number ID, rotating.
[    0.721333] systemd-journald[330]: Rotating system journal.
[    0.840158] EXT4-fs (vda2): mounted filesystem 6298703b-9af5-4277-8af2-c450670fc36b r/w with ordered data mode. Quota mode: none.
[    0.848998] FAT-fs (vda1): IO charset iso8859-1 not found
[    0.873004] audit: type=1400 audit(1719702726.211:2): apparmor="STATUS" operation="profile_load" profile="unconfined" name="QtWebEngineProcess" pid=499 comm="apparmor_parser"
[    0.873046] audit: type=1400 audit(1719702726.211:3): apparmor="STATUS" operation="profile_load" profile="unconfined" name="Discord" pid=497 comm="apparmor_parser"
[    0.873206] audit: type=1400 audit(1719702726.211:4): apparmor="STATUS" operation="profile_load" profile="unconfined" name=4D6F6E676F444220436F6D70617373 pid=498 comm="apparmor_parser"
[    0.873261] audit: type=1400 audit(1719702726.212:5): apparmor="STATUS" operation="profile_load" profile="unconfined" name="1password" pid=495 comm="apparmor_parser"
[    0.873923] audit: type=1400 audit(1719702726.212:6): apparmor="STATUS" operation="profile_load" profile="unconfined" name="buildah" pid=516 comm="apparmor_parser"
[    0.874438] audit: type=1400 audit(1719702726.212:7): apparmor="STATUS" operation="profile_load" profile="unconfined" name="busybox" pid=517 comm="apparmor_parser"
[    0.874439] audit: type=1400 audit(1719702726.212:8): apparmor="STATUS" operation="profile_load" profile="unconfined" name="cam" pid=519 comm="apparmor_parser"
[    0.874439] audit: type=1400 audit(1719702726.212:9): apparmor="STATUS" operation="profile_load" profile="unconfined" name="brave" pid=515 comm="apparmor_parser"
[    0.874474] audit: type=1400 audit(1719702726.213:10): apparmor="STATUS" operation="profile_load" profile="unconfined" name="ch-checkns" pid=520 comm="apparmor_parser"
[    1.094996] loop0: detected capacity change from 0 to 8
[    2.811093] fbcon: Taking over console
[    2.811340] Console: switching to colour frame buffer device 100x37
[    7.364167] systemd-journald[330]: /var/log/journal/d06594e1205e48ba983d223220c01054/user-1000.journal: Journal file uses a different sequence number ID, rotating.
